#!/bin/sh
# 
# 2008 - 2010 Nico Schottelius (nico-nsbin at schottelius.org)
# 
# This file is part of nsbin.
#
# nsbin is free software: you can redistribute it and/or modify
# it under the terms of the GNU General Public License as published by
# the Free Software Foundation, either version 3 of the License, or
# (at your option) any later version.
# 
# nsbin is distributed in the hope that it will be useful,
# but WITHOUT ANY WARRANTY; without even the implied warranty of
# MERCHANTABILITY or FITNESS FOR A PARTICULAR PURPOSE.  See the
# GNU General Public License for more details.
# 
# You should have received a copy of the GNU General Public License
# along with nsbin. If not, see <http://www.gnu.org/licenses/>.
#
# Retrieve system information including this script
#


host="$(hostname)"
dest="${0##*/}.${host}.log"
prog="| tee ${dest}"

# output to stdout
[ "$1" = "-" ] && prog=""

(
   # log, what produced the output
   cat "$0"

   uname -a
   dmesg

   # pci stuff
   lspci -nn
   lspci -vv

   # hw in total
   lshw

   # ram
   free

   # cpu
   cat /proc/cpuinfo

   # disk
   mount
   df -h

) 2>&1 | tee "${dest}"
Linux sgs-r815-01 2.6.32-22-generic #33-Ubuntu SMP Wed Apr 28 13:28:05 UTC 2010 x86_64 GNU/Linux
[    0.000000] Initializing cgroup subsys cpuset
[    0.000000] Initializing cgroup subsys cpu
[    0.000000] Linux version 2.6.32-22-generic (buildd@yellow) (gcc version 4.4.3 (Ubuntu 4.4.3-4ubuntu5) ) #33-Ubuntu SMP Wed Apr 28 13:28:05 UTC 2010 (Ubuntu 2.6.32-22.33-generic 2.6.32.11+drm33.2)
[    0.000000] Command line: BOOT_IMAGE=/boot/vmlinuz-2.6.32-22-generic root=UUID=e28eb557-f047-4b75-afa5-a88f2f8bc5f5 ro
[    0.000000] KERNEL supported cpus:
[    0.000000]   Intel GenuineIntel
[    0.000000]   AMD AuthenticAMD
[    0.000000]   Centaur CentaurHauls
[    0.000000] BIOS-provided physical RAM map:
[    0.000000]  BIOS-e820: 0000000000000000 - 00000000000a0000 (usable)
[    0.000000]  BIOS-e820: 0000000000100000 - 000000007f699000 (usable)
[    0.000000]  BIOS-e820: 000000007f699000 - 000000007f6af000 (reserved)
[    0.000000]  BIOS-e820: 000000007f6af000 - 000000007f6ce000 (ACPI data)
[    0.000000]  BIOS-e820: 000000007f6ce000 - 0000000080000000 (reserved)
[    0.000000]  BIOS-e820: 00000000f0000000 - 00000000f4000000 (reserved)
[    0.000000]  BIOS-e820: 00000000fe000000 - 0000000100000000 (reserved)
[    0.000000]  BIOS-e820: 0000000100000000 - 0000001080000000 (usable)
[    0.000000] DMI 2.6 present.
[    0.000000] last_pfn = 0x1080000 max_arch_pfn = 0x400000000
[    0.000000] MTRR default type: uncachable
[    0.000000] MTRR fixed ranges enabled:
[    0.000000]   00000-9FFFF write-back
[    0.000000]   A0000-BFFFF uncachable
[    0.000000]   C0000-D3FFF write-protect
[    0.000000]   D4000-EBFFF uncachable
[    0.000000]   EC000-FFFFF write-protect
[    0.000000] MTRR variable ranges enabled:
[    0.000000]   0 base 000000000000 mask FFFF80000000 write-back
[    0.000000]   1 base 000100000000 mask FFFF00000000 write-back
[    0.000000]   2 base 000200000000 mask FFFE00000000 write-back
[    0.000000]   3 base 000400000000 mask FFFC00000000 write-back
[    0.000000]   4 base 000800000000 mask FFF800000000 write-back
[    0.000000]   5 base 001000000000 mask FFFF80000000 write-back
[    0.000000]   6 disabled
[    0.000000]   7 disabled
[    0.000000] TOM2: 0000001080000000 aka 67584M
[    0.000000] x86 PAT enabled: cpu 0, old 0x7040600070406, new 0x7010600070106
[    0.000000] e820 update range: 0000000080000000 - 0000000100000000 (usable) ==> (reserved)
[    0.000000] last_pfn = 0x7f699 max_arch_pfn = 0x400000000
[    0.000000] e820 update range: 0000000000001000 - 0000000000006000 (usable) ==> (reserved)
[    0.000000] Scanning 1 areas for low memory corruption
[    0.000000] modified physical RAM map:
[    0.000000]  modified: 0000000000000000 - 0000000000001000 (usable)
[    0.000000]  modified: 0000000000001000 - 0000000000006000 (reserved)
[    0.000000]  modified: 0000000000006000 - 00000000000a0000 (usable)
[    0.000000]  modified: 0000000000100000 - 000000007f699000 (usable)
[    0.000000]  modified: 000000007f699000 - 000000007f6af000 (reserved)
[    0.000000]  modified: 000000007f6af000 - 000000007f6ce000 (ACPI data)
[    0.000000]  modified: 000000007f6ce000 - 0000000080000000 (reserved)
[    0.000000]  modified: 00000000f0000000 - 00000000f4000000 (reserved)
[    0.000000]  modified: 00000000fe000000 - 0000000100000000 (reserved)
[    0.000000]  modified: 0000000100000000 - 0000001080000000 (usable)
[    0.000000] initial memory mapped : 0 - 20000000
[    0.000000] Using GB pages for direct mapping
[    0.000000] init_memory_mapping: 0000000000000000-000000007f699000
[    0.000000] NX (Execute Disable) protection: active
[    0.000000]  0000000000 - 0040000000 page 1G
[    0.000000]  0040000000 - 007f600000 page 2M
[    0.000000]  007f600000 - 007f699000 page 4k
[    0.000000] kernel direct mapping tables up to 7f699000 @ 8000-b000
[    0.000000] init_memory_mapping: 0000000100000000-0000001080000000
[    0.000000] NX (Execute Disable) protection: active
[    0.000000]  0100000000 - 1080000000 page 1G
[    0.000000] kernel direct mapping tables up to 1080000000 @ a000-b000
[    0.000000] RAMDISK: 37840000 - 37fefd7b
[    0.000000] ACPI: RSDP 00000000000f1850 00024 (v02 DELL  )
[    0.000000] ACPI: XSDT 00000000000f18d0 00094 (v01 DELL   PE_SC3   00000001 DELL 00000001)
[    0.000000] ACPI: FACP 000000007f6bc0ac 000F4 (v03 DELL   PE_SC3   00000001 DELL 00000001)
[    0.000000] ACPI Warning: Invalid length for Pm2ControlBlock: 16, using default 8 (20090903/tbfadt-607)
[    0.000000] ACPI: DSDT 000000007f6af000 08EA1 (v01 DELL   PE_SC3   00000001 INTL 20050624)
[    0.000000] ACPI: FACS 000000007f6be000 00040
[    0.000000] ACPI: APIC 000000007f6bb478 00260 (v01 DELL   PE_SC3   00000001 DELL 00000001)
[    0.000000] ACPI: SPCR 000000007f6bb6dc 00050 (v01 DELL   PE_SC3   00000001 DELL 00000001)
[    0.000000] ACPI: HPET 000000007f6bb730 00038 (v01 DELL   PE_SC3   00000001 DELL 00000001)
[    0.000000] ACPI: MCFG 000000007f6bb76c 0003C (v01 DELL   PE_SC3   00000001 DELL 00000001)
[    0.000000] ACPI: WD__ 000000007f6bb7ac 00134 (v01 DELL   PE_SC3   00000001 DELL 00000001)
[    0.000000] ACPI: SLIC 000000007f6bb8e4 00024 (v01 DELL   PE_SC3   00000001 DELL 00000001)
[    0.000000] ACPI: ERST 000000007f6b8024 00270 (v01 DELL   PE_SC3   00000001 DELL 00000001)
[    0.000000] ACPI: HEST 000000007f6b8294 00354 (v01 DELL   PE_SC3   00000001 DELL 00000001)
[    0.000000] ACPI: BERT 000000007f6b7ea4 00030 (v01 DELL   PE_SC3   00000001 DELL 00000001)
[    0.000000] ACPI: EINJ 000000007f6b7ed4 00150 (v01 DELL   PE_SC3   00000001 DELL 00000001)
[    0.000000] ACPI: SRAT 000000007f6bba68 004C0 (v02 AMD    F10      00000001 AMD  00000001)
[    0.000000] ACPI: SS__ 000000007f6bf000 00030 (v01 DELL   PE_SC3   00000001 DELL 00000001)
[    0.000000] ACPI: TCPA 000000007f6bc044 00064 (v02 DELL   PE_SC3   00000001 DELL 00000001)
[    0.000000] ACPI: Local APIC address 0xfee00000
[    0.000000] SRAT: PXM 0 -> APIC 0 -> Node 0
[    0.000000] SRAT: PXM 0 -> APIC 1 -> Node 0
[    0.000000] SRAT: PXM 0 -> APIC 2 -> Node 0
[    0.000000] SRAT: PXM 0 -> APIC 3 -> Node 0
[    0.000000] SRAT: PXM 0 -> APIC 4 -> Node 0
[    0.000000] SRAT: PXM 0 -> APIC 5 -> Node 0
[    0.000000] SRAT: PXM 1 -> APIC 6 -> Node 1
[    0.000000] SRAT: PXM 1 -> APIC 7 -> Node 1
[    0.000000] SRAT: PXM 1 -> APIC 8 -> Node 1
[    0.000000] SRAT: PXM 1 -> APIC 9 -> Node 1
[    0.000000] SRAT: PXM 1 -> APIC 10 -> Node 1
[    0.000000] SRAT: PXM 1 -> APIC 11 -> Node 1
[    0.000000] SRAT: PXM 2 -> APIC 16 -> Node 2
[    0.000000] SRAT: PXM 2 -> APIC 17 -> Node 2
[    0.000000] SRAT: PXM 2 -> APIC 18 -> Node 2
[    0.000000] SRAT: PXM 2 -> APIC 19 -> Node 2
[    0.000000] SRAT: PXM 2 -> APIC 20 -> Node 2
[    0.000000] SRAT: PXM 2 -> APIC 21 -> Node 2
[    0.000000] SRAT: PXM 3 -> APIC 22 -> Node 3
[    0.000000] SRAT: PXM 3 -> APIC 23 -> Node 3
[    0.000000] SRAT: PXM 3 -> APIC 24 -> Node 3
[    0.000000] SRAT: PXM 3 -> APIC 25 -> Node 3
[    0.000000] SRAT: PXM 3 -> APIC 26 -> Node 3
[    0.000000] SRAT: PXM 3 -> APIC 27 -> Node 3
[    0.000000] SRAT: PXM 4 -> APIC 32 -> Node 4
[    0.000000] SRAT: PXM 4 -> APIC 33 -> Node 4
[    0.000000] SRAT: PXM 4 -> APIC 34 -> Node 4
[    0.000000] SRAT: PXM 4 -> APIC 35 -> Node 4
[    0.000000] SRAT: PXM 4 -> APIC 36 -> Node 4
[    0.000000] SRAT: PXM 4 -> APIC 37 -> Node 4
[    0.000000] SRAT: PXM 5 -> APIC 38 -> Node 5
[    0.000000] SRAT: PXM 5 -> APIC 39 -> Node 5
[    0.000000] SRAT: PXM 5 -> APIC 40 -> Node 5
[    0.000000] SRAT: PXM 5 -> APIC 41 -> Node 5
[    0.000000] SRAT: PXM 5 -> APIC 42 -> Node 5
[    0.000000] SRAT: PXM 5 -> APIC 43 -> Node 5
[    0.000000] SRAT: PXM 6 -> APIC 48 -> Node 6
[    0.000000] SRAT: PXM 6 -> APIC 49 -> Node 6
[    0.000000] SRAT: PXM 6 -> APIC 50 -> Node 6
[    0.000000] SRAT: PXM 6 -> APIC 51 -> Node 6
[    0.000000] SRAT: PXM 6 -> APIC 52 -> Node 6
[    0.000000] SRAT: PXM 6 -> APIC 53 -> Node 6
[    0.000000] SRAT: PXM 7 -> APIC 54 -> Node 7
[    0.000000] SRAT: PXM 7 -> APIC 55 -> Node 7
[    0.000000] SRAT: PXM 7 -> APIC 56 -> Node 7
[    0.000000] SRAT: PXM 7 -> APIC 57 -> Node 7
[    0.000000] SRAT: PXM 7 -> APIC 58 -> Node 7
[    0.000000] SRAT: PXM 7 -> APIC 59 -> Node 7
[    0.000000] SRAT: Node 0 PXM 0 0-a0000
[    0.000000] SRAT: Node 0 PXM 0 100000-80000000
[    0.000000] SRAT: Node 0 PXM 0 100000000-280000000
[    0.000000] SRAT: Node 1 PXM 1 280000000-480000000
[    0.000000] SRAT: Node 2 PXM 2 480000000-680000000
[    0.000000] SRAT: Node 3 PXM 3 680000000-880000000
[    0.000000] SRAT: Node 4 PXM 4 880000000-a80000000
[    0.000000] SRAT: Node 5 PXM 5 a80000000-c80000000
[    0.000000] SRAT: Node 6 PXM 6 c80000000-e80000000
[    0.000000] SRAT: Node 7 PXM 7 e80000000-1080000000
[    0.000000] NUMA: Allocated memnodemap from a000 - 2b040
[    0.000000] NUMA: Using 20 for the hash shift.
[    0.000000] Bootmem setup node 0 0000000000000000-0000000280000000
[    0.000000]   NODE_DATA [000000000002b040 - 000000000003003f]
[    0.000000]   bootmap [0000000000031000 -  0000000000080fff] pages 50
[    0.000000] (8 early reservations) ==> bootmem [0000000000 - 0280000000]
[    0.000000]   #0 [0000000000 - 0000001000]   BIOS data page ==> [0000000000 - 0000001000]
[    0.000000]   #1 [0000006000 - 0000008000]       TRAMPOLINE ==> [0000006000 - 0000008000]
[    0.000000]   #2 [0001000000 - 0001a29e64]    TEXT DATA BSS ==> [0001000000 - 0001a29e64]
[    0.000000]   #3 [0037840000 - 0037fefd7b]          RAMDISK ==> [0037840000 - 0037fefd7b]
[    0.000000]   #4 [000009ec00 - 0000100000]    BIOS reserved ==> [000009ec00 - 0000100000]
[    0.000000]   #5 [0001a2a000 - 0001a2a4fd]              BRK ==> [0001a2a000 - 0001a2a4fd]
[    0.000000]   #6 [0000008000 - 000000a000]          PGTABLE ==> [0000008000 - 000000a000]
[    0.000000]   #7 [000000a000 - 000002b040]       MEMNODEMAP ==> [000000a000 - 000002b040]
[    0.000000] Bootmem setup node 1 0000000280000000-0000000480000000
[    0.000000]   NODE_DATA [0000000280000000 - 0000000280004fff]
[    0.000000]   bootmap [0000000280005000 -  0000000280044fff] pages 40
[    0.000000] (8 early reservations) ==> bootmem [0280000000 - 0480000000]
[    0.000000]   #0 [0000000000 - 0000001000]   BIOS data page
[    0.000000]   #1 [0000006000 - 0000008000]       TRAMPOLINE
[    0.000000]   #2 [0001000000 - 0001a29e64]    TEXT DATA BSS
[    0.000000]   #3 [0037840000 - 0037fefd7b]          RAMDISK
[    0.000000]   #4 [000009ec00 - 0000100000]    BIOS reserved
[    0.000000]   #5 [0001a2a000 - 0001a2a4fd]              BRK
[    0.000000]   #6 [0000008000 - 000000a000]          PGTABLE
[    0.000000]   #7 [000000a000 - 000002b040]       MEMNODEMAP
[    0.000000] Bootmem setup node 2 0000000480000000-0000000680000000
[    0.000000]   NODE_DATA [0000000480000000 - 0000000480004fff]
[    0.000000]   bootmap [0000000480005000 -  0000000480044fff] pages 40
[    0.000000] (8 early reservations) ==> bootmem [0480000000 - 0680000000]
[    0.000000]   #0 [0000000000 - 0000001000]   BIOS data page
[    0.000000]   #1 [0000006000 - 0000008000]       TRAMPOLINE
[    0.000000]   #2 [0001000000 - 0001a29e64]    TEXT DATA BSS
[    0.000000]   #3 [0037840000 - 0037fefd7b]          RAMDISK
[    0.000000]   #4 [000009ec00 - 0000100000]    BIOS reserved
[    0.000000]   #5 [0001a2a000 - 0001a2a4fd]              BRK
[    0.000000]   #6 [0000008000 - 000000a000]          PGTABLE
[    0.000000]   #7 [000000a000 - 000002b040]       MEMNODEMAP
[    0.000000] Bootmem setup node 3 0000000680000000-0000000880000000
[    0.000000]   NODE_DATA [0000000680000000 - 0000000680004fff]
[    0.000000]   bootmap [0000000680005000 -  0000000680044fff] pages 40
[    0.000000] (8 early reservations) ==> bootmem [0680000000 - 0880000000]
[    0.000000]   #0 [0000000000 - 0000001000]   BIOS data page
[    0.000000]   #1 [0000006000 - 0000008000]       TRAMPOLINE
[    0.000000]   #2 [0001000000 - 0001a29e64]    TEXT DATA BSS
[    0.000000]   #3 [0037840000 - 0037fefd7b]          RAMDISK
[    0.000000]   #4 [000009ec00 - 0000100000]    BIOS reserved
[    0.000000]   #5 [0001a2a000 - 0001a2a4fd]              BRK
[    0.000000]   #6 [0000008000 - 000000a000]          PGTABLE
[    0.000000]   #7 [000000a000 - 000002b040]       MEMNODEMAP
[    0.000000] Bootmem setup node 4 0000000880000000-0000000a80000000
[    0.000000]   NODE_DATA [0000000880000000 - 0000000880004fff]
[    0.000000]   bootmap [0000000880005000 -  0000000880044fff] pages 40
[    0.000000] (8 early reservations) ==> bootmem [0880000000 - 0a80000000]
[    0.000000]   #0 [0000000000 - 0000001000]   BIOS data page
[    0.000000]   #1 [0000006000 - 0000008000]       TRAMPOLINE
[    0.000000]   #2 [0001000000 - 0001a29e64]    TEXT DATA BSS
[    0.000000]   #3 [0037840000 - 0037fefd7b]          RAMDISK
[    0.000000]   #4 [000009ec00 - 0000100000]    BIOS reserved
[    0.000000]   #5 [0001a2a000 - 0001a2a4fd]              BRK
[    0.000000]   #6 [0000008000 - 000000a000]          PGTABLE
[    0.000000]   #7 [000000a000 - 000002b040]       MEMNODEMAP
[    0.000000] Bootmem setup node 5 0000000a80000000-0000000c80000000
[    0.000000]   NODE_DATA [0000000a80000000 - 0000000a80004fff]
[    0.000000]   bootmap [0000000a80005000 -  0000000a80044fff] pages 40
[    0.000000] (8 early reservations) ==> bootmem [0a80000000 - 0c80000000]
[    0.000000]   #0 [0000000000 - 0000001000]   BIOS data page
[    0.000000]   #1 [0000006000 - 0000008000]       TRAMPOLINE
[    0.000000]   #2 [0001000000 - 0001a29e64]    TEXT DATA BSS
[    0.000000]   #3 [0037840000 - 0037fefd7b]          RAMDISK
[    0.000000]   #4 [000009ec00 - 0000100000]    BIOS reserved
[    0.000000]   #5 [0001a2a000 - 0001a2a4fd]              BRK
[    0.000000]   #6 [0000008000 - 000000a000]          PGTABLE
[    0.000000]   #7 [000000a000 - 000002b040]       MEMNODEMAP
[    0.000000] Bootmem setup node 6 0000000c80000000-0000000e80000000
[    0.000000]   NODE_DATA [0000000c80000000 - 0000000c80004fff]
[    0.000000]   bootmap [0000000c80005000 -  0000000c80044fff] pages 40
[    0.000000] (8 early reservations) ==> bootmem [0c80000000 - 0e80000000]
[    0.000000]   #0 [0000000000 - 0000001000]   BIOS data page
[    0.000000]   #1 [0000006000 - 0000008000]       TRAMPOLINE
[    0.000000]   #2 [0001000000 - 0001a29e64]    TEXT DATA BSS
[    0.000000]   #3 [0037840000 - 0037fefd7b]          RAMDISK
[    0.000000]   #4 [000009ec00 - 0000100000]    BIOS reserved
[    0.000000]   #5 [0001a2a000 - 0001a2a4fd]              BRK
[    0.000000]   #6 [0000008000 - 000000a000]          PGTABLE
[    0.000000]   #7 [000000a000 - 000002b040]       MEMNODEMAP
[    0.000000] Bootmem setup node 7 0000000e80000000-0000001080000000
[    0.000000]   NODE_DATA [0000000e80000000 - 0000000e80004fff]
[    0.000000]   bootmap [0000000e80005000 -  0000000e80044fff] pages 40
[    0.000000] (8 early reservations) ==> bootmem [0e80000000 - 1080000000]
[    0.000000]   #0 [0000000000 - 0000001000]   BIOS data page
[    0.000000]   #1 [0000006000 - 0000008000]       TRAMPOLINE
[    0.000000]   #2 [0001000000 - 0001a29e64]    TEXT DATA BSS
[    0.000000]   #3 [0037840000 - 0037fefd7b]          RAMDISK
[    0.000000]   #4 [000009ec00 - 0000100000]    BIOS reserved
[    0.000000]   #5 [0001a2a000 - 0001a2a4fd]              BRK
[    0.000000]   #6 [0000008000 - 000000a000]          PGTABLE
[    0.000000]   #7 [000000a000 - 000002b040]       MEMNODEMAP
[    0.000000] found SMP MP-table at [ffff8800000fe710] fe710
[    0.000000]  [ffffea0000000000-ffffea0008bfffff] PMD -> [ffff880028600000-ffff88002f5fffff] on node 0
[    0.000000]  [ffffea0008c00000-ffffea000fbfffff] PMD -> [ffff880280200000-ffff8802871fffff] on node 1
[    0.000000]  [ffffea000fc00000-ffffea0016bfffff] PMD -> [ffff880480200000-ffff8804871fffff] on node 2
[    0.000000]  [ffffea0016c00000-ffffea001dbfffff] PMD -> [ffff880680200000-ffff8806871fffff] on node 3
[    0.000000]  [ffffea001dc00000-ffffea0024bfffff] PMD -> [ffff880880200000-ffff8808871fffff] on node 4
[    0.000000]  [ffffea0024c00000-ffffea002bbfffff] PMD -> [ffff880a80200000-ffff880a871fffff] on node 5
[    0.000000]  [ffffea002bc00000-ffffea0032bfffff] PMD -> [ffff880c80200000-ffff880c871fffff] on node 6
[    0.000000]  [ffffea0032c00000-ffffea0039bfffff] PMD -> [ffff880e80200000-ffff880e871fffff] on node 7
[    0.000000] Zone PFN ranges:
[    0.000000]   DMA      0x00000000 -> 0x00001000
[    0.000000]   DMA32    0x00001000 -> 0x00100000
[    0.000000]   Normal   0x00100000 -> 0x01080000
[    0.000000] Movable zone start PFN for each node
[    0.000000] early_node_map[11] active PFN ranges
[    0.000000]     0: 0x00000000 -> 0x00000001
[    0.000000]     0: 0x00000006 -> 0x000000a0
[    0.000000]     0: 0x00000100 -> 0x0007f699
[    0.000000]     0: 0x00100000 -> 0x00280000
[    0.000000]     1: 0x00280000 -> 0x00480000
[    0.000000]     2: 0x00480000 -> 0x00680000
[    0.000000]     3: 0x00680000 -> 0x00880000
[    0.000000]     4: 0x00880000 -> 0x00a80000
[    0.000000]     5: 0x00a80000 -> 0x00c80000
[    0.000000]     6: 0x00c80000 -> 0x00e80000
[    0.000000]     7: 0x00e80000 -> 0x01080000
[    0.000000] On node 0 totalpages: 2094644
[    0.000000]   DMA zone: 56 pages used for memmap
[    0.000000]   DMA zone: 135 pages reserved
[    0.000000]   DMA zone: 3804 pages, LIFO batch:0
[    0.000000]   DMA32 zone: 14280 pages used for memmap
[    0.000000]   DMA32 zone: 503505 pages, LIFO batch:31
[    0.000000]   Normal zone: 21504 pages used for memmap
[    0.000000]   Normal zone: 1551360 pages, LIFO batch:31
[    0.000000] On node 1 totalpages: 2097152
[    0.000000]   Normal zone: 28672 pages used for memmap
[    0.000000]   Normal zone: 2068480 pages, LIFO batch:31
[    0.000000] On node 2 totalpages: 2097152
[    0.000000]   Normal zone: 28672 pages used for memmap
[    0.000000]   Normal zone: 2068480 pages, LIFO batch:31
[    0.000000] On node 3 totalpages: 2097152
[    0.000000]   Normal zone: 28672 pages used for memmap
[    0.000000]   Normal zone: 2068480 pages, LIFO batch:31
[    0.000000] On node 4 totalpages: 2097152
[    0.000000]   Normal zone: 28672 pages used for memmap
[    0.000000]   Normal zone: 2068480 pages, LIFO batch:31
[    0.000000] On node 5 totalpages: 2097152
[    0.000000]   Normal zone: 28672 pages used for memmap
[    0.000000]   Normal zone: 2068480 pages, LIFO batch:31
[    0.000000] On node 6 totalpages: 2097152
[    0.000000]   Normal zone: 28672 pages used for memmap
[    0.000000]   Normal zone: 2068480 pages, LIFO batch:31
[    0.000000] On node 7 totalpages: 2097152
[    0.000000]   Normal zone: 28672 pages used for memmap
[    0.000000]   Normal zone: 2068480 pages, LIFO batch:31
[    0.000000] ACPI: PM-Timer IO Port: 0x808
[    0.000000] ACPI: Local APIC address 0xfee00000
[    0.000000] ACPI: LAPIC (acpi_id[0x01] lapic_id[0x00] enabled)
[    0.000000] ACPI: LAPIC (acpi_id[0x02] lapic_id[0x10] enabled)
[    0.000000] ACPI: LAPIC (acpi_id[0x03] lapic_id[0x20] enabled)
[    0.000000] ACPI: LAPIC (acpi_id[0x04] lapic_id[0x30] enabled)
[    0.000000] ACPI: LAPIC (acpi_id[0x05] lapic_id[0x01] enabled)
[    0.000000] ACPI: LAPIC (acpi_id[0x06] lapic_id[0x11] enabled)
[    0.000000] ACPI: LAPIC (acpi_id[0x07] lapic_id[0x21] enabled)
[    0.000000] ACPI: LAPIC (acpi_id[0x08] lapic_id[0x31] enabled)
[    0.000000] ACPI: LAPIC (acpi_id[0x09] lapic_id[0x02] enabled)
[    0.000000] ACPI: LAPIC (acpi_id[0x0a] lapic_id[0x12] enabled)
[    0.000000] ACPI: LAPIC (acpi_id[0x0b] lapic_id[0x22] enabled)
[    0.000000] ACPI: LAPIC (acpi_id[0x0c] lapic_id[0x32] enabled)
[    0.000000] ACPI: LAPIC (acpi_id[0x0d] lapic_id[0x03] enabled)
[    0.000000] ACPI: LAPIC (acpi_id[0x0e] lapic_id[0x13] enabled)
[    0.000000] ACPI: LAPIC (acpi_id[0x0f] lapic_id[0x23] enabled)
[    0.000000] ACPI: LAPIC (acpi_id[0x10] lapic_id[0x33] enabled)
[    0.000000] ACPI: LAPIC (acpi_id[0x11] lapic_id[0x04] enabled)
[    0.000000] ACPI: LAPIC (acpi_id[0x12] lapic_id[0x14] enabled)
[    0.000000] ACPI: LAPIC (acpi_id[0x13] lapic_id[0x24] enabled)
[    0.000000] ACPI: LAPIC (acpi_id[0x14] lapic_id[0x34] enabled)
[    0.000000] ACPI: LAPIC (acpi_id[0x15] lapic_id[0x05] enabled)
[    0.000000] ACPI: LAPIC (acpi_id[0x16] lapic_id[0x15] enabled)
[    0.000000] ACPI: LAPIC (acpi_id[0x17] lapic_id[0x25] enabled)
[    0.000000] ACPI: LAPIC (acpi_id[0x18] lapic_id[0x35] enabled)
[    0.000000] ACPI: LAPIC (acpi_id[0x19] lapic_id[0x06] enabled)
[    0.000000] ACPI: LAPIC (acpi_id[0x1a] lapic_id[0x16] enabled)
[    0.000000] ACPI: LAPIC (acpi_id[0x1b] lapic_id[0x26] enabled)
[    0.000000] ACPI: LAPIC (acpi_id[0x1c] lapic_id[0x36] enabled)
[    0.000000] ACPI: LAPIC (acpi_id[0x1d] lapic_id[0x07] enabled)
[    0.000000] ACPI: LAPIC (acpi_id[0x1e] lapic_id[0x17] enabled)
[    0.000000] ACPI: LAPIC (acpi_id[0x1f] lapic_id[0x27] enabled)
[    0.000000] ACPI: LAPIC (acpi_id[0x20] lapic_id[0x37] enabled)
[    0.000000] ACPI: LAPIC (acpi_id[0x21] lapic_id[0x08] enabled)
[    0.000000] ACPI: LAPIC (acpi_id[0x22] lapic_id[0x18] enabled)
[    0.000000] ACPI: LAPIC (acpi_id[0x23] lapic_id[0x28] enabled)
[    0.000000] ACPI: LAPIC (acpi_id[0x24] lapic_id[0x38] enabled)
[    0.000000] ACPI: LAPIC (acpi_id[0x25] lapic_id[0x09] enabled)
[    0.000000] ACPI: LAPIC (acpi_id[0x26] lapic_id[0x19] enabled)
[    0.000000] ACPI: LAPIC (acpi_id[0x27] lapic_id[0x29] enabled)
[    0.000000] ACPI: LAPIC (acpi_id[0x28] lapic_id[0x39] enabled)
[    0.000000] ACPI: LAPIC (acpi_id[0x29] lapic_id[0x0a] enabled)
[    0.000000] ACPI: LAPIC (acpi_id[0x2a] lapic_id[0x1a] enabled)
[    0.000000] ACPI: LAPIC (acpi_id[0x2b] lapic_id[0x2a] enabled)
[    0.000000] ACPI: LAPIC (acpi_id[0x2c] lapic_id[0x3a] enabled)
[    0.000000] ACPI: LAPIC (acpi_id[0x2d] lapic_id[0x0b] enabled)
[    0.000000] ACPI: LAPIC (acpi_id[0x2e] lapic_id[0x1b] enabled)
[    0.000000] ACPI: LAPIC (acpi_id[0x2f] lapic_id[0x2b] enabled)
[    0.000000] ACPI: LAPIC (acpi_id[0x30] lapic_id[0x3b] enabled)
[    0.000000] ACPI: LAPIC (acpi_id[0x31] lapic_id[0x50] disabled)
[    0.000000] ACPI: LAPIC (acpi_id[0x32] lapic_id[0x51] disabled)
[    0.000000] ACPI: LAPIC (acpi_id[0x33] lapic_id[0x52] disabled)
[    0.000000] ACPI: LAPIC (acpi_id[0x34] lapic_id[0x53] disabled)
[    0.000000] ACPI: LAPIC (acpi_id[0x35] lapic_id[0x54] disabled)
[    0.000000] ACPI: LAPIC (acpi_id[0x36] lapic_id[0x55] disabled)
[    0.000000] ACPI: LAPIC (acpi_id[0x37] lapic_id[0x56] disabled)
[    0.000000] ACPI: LAPIC (acpi_id[0x38] lapic_id[0x57] disabled)
[    0.000000] ACPI: LAPIC (acpi_id[0x39] lapic_id[0x58] disabled)
[    0.000000] ACPI: LAPIC (acpi_id[0x3a] lapic_id[0x59] disabled)
[    0.000000] ACPI: LAPIC (acpi_id[0x3b] lapic_id[0x5a] disabled)
[    0.000000] ACPI: LAPIC (acpi_id[0x3c] lapic_id[0x5b] disabled)
[    0.000000] ACPI: LAPIC (acpi_id[0x3d] lapic_id[0x5c] disabled)
[    0.000000] ACPI: LAPIC (acpi_id[0x3e] lapic_id[0x5d] disabled)
[    0.000000] ACPI: LAPIC (acpi_id[0x3f] lapic_id[0x5e] disabled)
[    0.000000] ACPI: LAPIC (acpi_id[0x40] lapic_id[0x5f] disabled)
[    0.000000] ACPI: LAPIC_NMI (acpi_id[0xff] high edge lint[0x1])
[    0.000000] ACPI: IOAPIC (id[0x00] address[0xfec00000] gsi_base[0])
[    0.000000] IOAPIC[0]: apic_id 0, version 33, address 0xfec00000, GSI 0-23
[    0.000000] ACPI: IOAPIC (id[0x01] address[0xfec80000] gsi_base[24])
[    0.000000] IOAPIC[1]: apic_id 1, version 33, address 0xfec80000, GSI 24-55
[    0.000000] ACPI: IOAPIC (id[0x02] address[0xfecc0000] gsi_base[56])
[    0.000000] IOAPIC[2]: apic_id 2, version 33, address 0xfecc0000, GSI 56-87
[    0.000000] ACPI: INT_SRC_OVR (bus 0 bus_irq 0 global_irq 2 dfl dfl)
[    0.000000] ACPI: IRQ0 used by override.
[    0.000000] ACPI: IRQ2 used by override.
[    0.000000] ACPI: IRQ9 used by override.
[    0.000000] Using ACPI (MADT) for SMP configuration information
[    0.000000] ACPI: HPET id: 0x43538301 base: 0xfed00000
[    0.000000] SMP: Allowing 64 CPUs, 16 hotplug CPUs
[    0.000000] nr_irqs_gsi: 88
[    0.000000] PM: Registered nosave memory: 0000000000001000 - 0000000000006000
[    0.000000] PM: Registered nosave memory: 00000000000a0000 - 0000000000100000
[    0.000000] PM: Registered nosave memory: 000000007f699000 - 000000007f6af000
[    0.000000] PM: Registered nosave memory: 000000007f6af000 - 000000007f6ce000
[    0.000000] PM: Registered nosave memory: 000000007f6ce000 - 0000000080000000
[    0.000000] PM: Registered nosave memory: 0000000080000000 - 00000000f0000000
[    0.000000] PM: Registered nosave memory: 00000000f0000000 - 00000000f4000000
[    0.000000] PM: Registered nosave memory: 00000000f4000000 - 00000000fe000000
[    0.000000] PM: Registered nosave memory: 00000000fe000000 - 0000000100000000
[    0.000000] Allocating PCI resources starting at 80000000 (gap: 80000000:70000000)
[    0.000000] Booting paravirtualized kernel on bare hardware
[    0.000000] NR_CPUS:64 nr_cpumask_bits:64 nr_cpu_ids:64 nr_node_ids:8
[    0.000000] PERCPU: Embedded 30 pages/cpu @ffff880028200000 s91544 r8192 d23144 u262144
[    0.000000] pcpu-alloc: s91544 r8192 d23144 u262144 alloc=1*2097152
[    0.000000] pcpu-alloc: [0] 00 04 08 12 16 20 48 56 [1] 01 05 09 13 17 21 50 58 
[    0.000000] pcpu-alloc: [2] 02 06 10 14 18 22 52 60 [3] 03 07 11 15 19 23 54 62 
[    0.000000] pcpu-alloc: [4] 24 28 32 36 40 44 49 57 [5] 25 29 33 37 41 45 51 59 
[    0.000000] pcpu-alloc: [6] 26 30 34 38 42 46 53 61 [7] 27 31 35 39 43 47 55 63 
[    0.000000] Built 8 zonelists in Zone order, mobility grouping on.  Total pages: 16538029
[    0.000000] Policy zone: Normal
[    0.000000] Kernel command line: BOOT_IMAGE=/boot/vmlinuz-2.6.32-22-generic root=UUID=e28eb557-f047-4b75-afa5-a88f2f8bc5f5 ro
[    0.000000] PID hash table entries: 4096 (order: 3, 32768 bytes)
[    0.000000] Initializing CPU#0
[    0.000000] Checking aperture...
[    0.000000] No AGP bridge found
[    0.000000] Node 0: aperture @ 20000000 size 32 MB
[    0.000000] Aperture pointing to e820 RAM. Ignoring.
[    0.000000] Your BIOS doesn't leave a aperture memory hole
[    0.000000] Please enable the IOMMU option in the BIOS setup
[    0.000000] This costs you 64 MB of RAM
[    0.000000] Mapping aperture over 65536 KB of RAM @ 20000000
[    0.000000] PM: Registered nosave memory: 0000000020000000 - 0000000024000000
[    0.000000] Memory: 66088504k/69206016k available (5409k kernel code, 2107184k absent, 1010328k reserved, 2976k data, 876k init)
[    0.000000] SLUB: Genslabs=14, HWalign=64, Order=0-3, MinObjects=0, CPUs=64, Nodes=8
[    0.000000] Hierarchical RCU implementation.
[    0.000000] NR_IRQS:4352 nr_irqs:2008
[    0.000000] Extended CMOS year: 2000
[    0.000000] spurious 8259A interrupt: IRQ7.
[    0.000000] Console: colour VGA+ 80x25
[    0.000000] console [tty0] enabled
[    0.000000] allocated 671088640 bytes of page_cgroup
[    0.000000] please try 'cgroup_disable=memory' option if you don't want memory cgroups
[    0.000000] hpet clockevent registered
[    0.000000]   alloc irq_desc for 88 on node 0
[    0.000000]   alloc kstat_irqs on node 0
[    0.000000] HPET: 4 timers in total, 1 timers will be used for per-cpu timer
[    0.000000] Fast TSC calibration using PIT
[    0.000000] Detected 2200.377 MHz processor.
[    0.030027] Calibrating delay loop (skipped), value calculated using timer frequency.. 4400.74 BogoMIPS (lpj=22003740)
[    0.030267] Security Framework initialized
[    0.030375] AppArmor: AppArmor initialized
[    0.041825] Dentry cache hash table entries: 8388608 (order: 14, 67108864 bytes)
[    0.073463] Inode-cache hash table entries: 4194304 (order: 13, 33554432 bytes)
[    0.087864] Mount-cache hash table entries: 256
[    0.088189] Initializing cgroup subsys ns
[    0.088281] Initializing cgroup subsys cpuacct
[    0.088381] Initializing cgroup subsys memory
[    0.088542] Initializing cgroup subsys devices
[    0.088635] Initializing cgroup subsys freezer
[    0.088728] Initializing cgroup subsys net_cls
[    0.088851] CPU: L1 I Cache: 64K (64 bytes/line), D cache 64K (64 bytes/line)
[    0.088953] CPU: L2 Cache: 512K (64 bytes/line)
[    0.089047] CPU 0/0x0 -> Node 0
[    0.089137] tseg: 007f800000
[    0.089139] CPU: Physical Processor ID: 0
[    0.089229] CPU: Processor Core ID: 0
[    0.089320] mce: CPU supports 6 MCE banks
[    0.089418] Performance Events: AMD PMU driver.
[    0.089565] ... version:                0
[    0.089657] ... bit width:              48
[    0.089748] ... generic registers:      4
[    0.089839] ... value mask:             0000ffffffffffff
[    0.089934] ... max period:             00007fffffffffff
[    0.090004] ... fixed-purpose events:   0
[    0.090095] ... event mask:             000000000000000f
[    0.091847] ACPI: Core revision 20090903
[    0.104740] ftrace: converting mcount calls to 0f 1f 44 00 00
[    0.104848] ftrace: allocating 22518 entries in 89 pages
[    0.110104] Setting APIC routing to physical flat
[    0.110741] ..TIMER: vector=0x30 apic1=0 pin1=2 apic2=-1 pin2=-1
[    0.212324] CPU0: AMD Opteron(tm) Processor 6174 stepping 01
[    0.220000] Booting processor 1 APIC 0x10 ip 0x6000
[    0.040000] Initializing CPU#1
[    0.040000] CPU: L1 I Cache: 64K (64 bytes/line), D cache 64K (64 bytes/line)
[    0.040000] CPU: L2 Cache: 512K (64 bytes/line)
[    0.040000] CPU 1/0x10 -> Node 2
[    0.040000] CPU: Physical Processor ID: 1
[    0.040000] CPU: Processor Core ID: 0
[    0.370069] CPU1: AMD Opteron(tm) Processor 6174 stepping 01
[    0.370815] checking TSC synchronization [CPU#0 -> CPU#1]: passed.
[    0.380090] Booting processor 2 APIC 0x20 ip 0x6000
[    0.040000] Initializing CPU#2
[    0.040000] CPU: L1 I Cache: 64K (64 bytes/line), D cache 64K (64 bytes/line)
[    0.040000] CPU: L2 Cache: 512K (64 bytes/line)
[    0.040000] CPU 2/0x20 -> Node 4
[    0.040000] CPU: Physical Processor ID: 2
[    0.040000] CPU: Processor Core ID: 0
[    0.540057] CPU2: AMD Opteron(tm) Processor 6174 stepping 01
[    0.540806] checking TSC synchronization [CPU#0 -> CPU#2]: passed.
[    0.550093] Booting processor 3 APIC 0x30 ip 0x6000
[    0.040000] Initializing CPU#3
[    0.040000] CPU: L1 I Cache: 64K (64 bytes/line), D cache 64K (64 bytes/line)
[    0.040000] CPU: L2 Cache: 512K (64 bytes/line)
[    0.040000] CPU 3/0x30 -> Node 6
[    0.040000] CPU: Physical Processor ID: 3
[    0.040000] CPU: Processor Core ID: 0
[    0.710052] CPU3: AMD Opteron(tm) Processor 6174 stepping 01
[    0.710797] checking TSC synchronization [CPU#0 -> CPU#3]: passed.
[    0.720083] Booting processor 4 APIC 0x1 ip 0x6000
[    0.040000] Initializing CPU#4
[    0.040000] CPU: L1 I Cache: 64K (64 bytes/line), D cache 64K (64 bytes/line)
[    0.040000] CPU: L2 Cache: 512K (64 bytes/line)
[    0.040000] CPU 4/0x1 -> Node 0
[    0.040000] CPU: Physical Processor ID: 0
[    0.040000] CPU: Processor Core ID: 1
[    0.880033] CPU4: AMD Opteron(tm) Processor 6174 stepping 01
[    0.880778] checking TSC synchronization [CPU#0 -> CPU#4]: passed.
[    0.890083] Booting processor 5 APIC 0x11 ip 0x6000
[    0.040000] Initializing CPU#5
[    0.040000] CPU: L1 I Cache: 64K (64 bytes/line), D cache 64K (64 bytes/line)
[    0.040000] CPU: L2 Cache: 512K (64 bytes/line)
[    0.040000] CPU 5/0x11 -> Node 2
[    0.040000] CPU: Physical Processor ID: 1
[    0.040000] CPU: Processor Core ID: 1
[    1.050115] CPU5: AMD Opteron(tm) Processor 6174 stepping 01
[    1.050860] checking TSC synchronization [CPU#0 -> CPU#5]: passed.
[    1.060080] Booting processor 6 APIC 0x21 ip 0x6000
[    0.040000] Initializing CPU#6
[    0.040000] CPU: L1 I Cache: 64K (64 bytes/line), D cache 64K (64 bytes/line)
[    0.040000] CPU: L2 Cache: 512K (64 bytes/line)
[    0.040000] CPU 6/0x21 -> Node 4
[    0.040000] CPU: Physical Processor ID: 2
[    0.040000] CPU: Processor Core ID: 1
[    1.220095] CPU6: AMD Opteron(tm) Processor 6174 stepping 01
[    1.220840] checking TSC synchronization [CPU#0 -> CPU#6]: passed.
[    1.230083] Booting processor 7 APIC 0x31 ip 0x6000
[    0.040000] Initializing CPU#7
[    0.040000] CPU: L1 I Cache: 64K (64 bytes/line), D cache 64K (64 bytes/line)
[    0.040000] CPU: L2 Cache: 512K (64 bytes/line)
[    0.040000] CPU 7/0x31 -> Node 6
[    0.040000] CPU: Physical Processor ID: 3
[    0.040000] CPU: Processor Core ID: 1
[    1.390077] CPU7: AMD Opteron(tm) Processor 6174 stepping 01
[    1.390822] checking TSC synchronization [CPU#0 -> CPU#7]: passed.
[    1.400081] Booting processor 8 APIC 0x2 ip 0x6000
[    0.040000] Initializing CPU#8
[    0.040000] CPU: L1 I Cache: 64K (64 bytes/line), D cache 64K (64 bytes/line)
[    0.040000] CPU: L2 Cache: 512K (64 bytes/line)
[    0.040000] CPU 8/0x2 -> Node 0
[    0.040000] CPU: Physical Processor ID: 0
[    0.040000] CPU: Processor Core ID: 2
[    1.560056] CPU8: AMD Opteron(tm) Processor 6174 stepping 01
[    1.560800] checking TSC synchronization [CPU#0 -> CPU#8]: passed.
[    1.570092] Booting processor 9 APIC 0x12 ip 0x6000
[    0.040000] Initializing CPU#9
[    0.040000] CPU: L1 I Cache: 64K (64 bytes/line), D cache 64K (64 bytes/line)
[    0.040000] CPU: L2 Cache: 512K (64 bytes/line)
[    0.040000] CPU 9/0x12 -> Node 2
[    0.040000] CPU: Physical Processor ID: 1
[    0.040000] CPU: Processor Core ID: 2
[    1.730046] CPU9: AMD Opteron(tm) Processor 6174 stepping 01
[    1.730791] checking TSC synchronization [CPU#0 -> CPU#9]: passed.
[    1.740100] Booting processor 10 APIC 0x22 ip 0x6000
[    0.040000] Initializing CPU#10
[    0.040000] CPU: L1 I Cache: 64K (64 bytes/line), D cache 64K (64 bytes/line)
[    0.040000] CPU: L2 Cache: 512K (64 bytes/line)
[    0.040000] CPU 10/0x22 -> Node 4
[    0.040000] CPU: Physical Processor ID: 2
[    0.040000] CPU: Processor Core ID: 2
[    1.900097] CPU10: AMD Opteron(tm) Processor 6174 stepping 01
[    1.900845] checking TSC synchronization [CPU#0 -> CPU#10]: passed.
[    1.910089] Booting processor 11 APIC 0x32 ip 0x6000
[    0.040000] Initializing CPU#11
[    0.040000] CPU: L1 I Cache: 64K (64 bytes/line), D cache 64K (64 bytes/line)
[    0.040000] CPU: L2 Cache: 512K (64 bytes/line)
[    0.040000] CPU 11/0x32 -> Node 6
[    0.040000] CPU: Physical Processor ID: 3
[    0.040000] CPU: Processor Core ID: 2
[    2.070086] CPU11: AMD Opteron(tm) Processor 6174 stepping 01
[    2.070830] checking TSC synchronization [CPU#0 -> CPU#11]: passed.
[    2.080081] Booting processor 12 APIC 0x3 ip 0x6000
[    0.040000] Initializing CPU#12
[    0.040000] CPU: L1 I Cache: 64K (64 bytes/line), D cache 64K (64 bytes/line)
[    0.040000] CPU: L2 Cache: 512K (64 bytes/line)
[    0.040000] CPU 12/0x3 -> Node 0
[    0.040000] CPU: Physical Processor ID: 0
[    0.040000] CPU: Processor Core ID: 3
[    2.240064] CPU12: AMD Opteron(tm) Processor 6174 stepping 01
[    2.240809] checking TSC synchronization [CPU#0 -> CPU#12]: passed.
[    2.250089] Booting processor 13 APIC 0x13 ip 0x6000
[    0.040000] Initializing CPU#13
[    0.040000] CPU: L1 I Cache: 64K (64 bytes/line), D cache 64K (64 bytes/line)
[    0.040000] CPU: L2 Cache: 512K (64 bytes/line)
[    0.040000] CPU 13/0x13 -> Node 2
[    0.040000] CPU: Physical Processor ID: 1
[    0.040000] CPU: Processor Core ID: 3
[    2.410054] CPU13: AMD Opteron(tm) Processor 6174 stepping 01
[    2.410800] checking TSC synchronization [CPU#0 -> CPU#13]: passed.
[    2.420107] Booting processor 14 APIC 0x23 ip 0x6000
[    0.040000] Initializing CPU#14
[    0.040000] CPU: L1 I Cache: 64K (64 bytes/line), D cache 64K (64 bytes/line)
[    0.040000] CPU: L2 Cache: 512K (64 bytes/line)
[    0.040000] CPU 14/0x23 -> Node 4
[    0.040000] CPU: Physical Processor ID: 2
[    0.040000] CPU: Processor Core ID: 3
[    2.580060] CPU14: AMD Opteron(tm) Processor 6174 stepping 01
[    2.580807] checking TSC synchronization [CPU#0 -> CPU#14]: passed.
[    2.590103] Booting processor 15 APIC 0x33 ip 0x6000
[    0.040000] Initializing CPU#15
[    0.040000] CPU: L1 I Cache: 64K (64 bytes/line), D cache 64K (64 bytes/line)
[    0.040000] CPU: L2 Cache: 512K (64 bytes/line)
[    0.040000] CPU 15/0x33 -> Node 6
[    0.040000] CPU: Physical Processor ID: 3
[    0.040000] CPU: Processor Core ID: 3
[    2.750062] CPU15: AMD Opteron(tm) Processor 6174 stepping 01
[    2.750808] checking TSC synchronization [CPU#0 -> CPU#15]: passed.
[    2.760100] Booting processor 16 APIC 0x4 ip 0x6000
[    0.040000] Initializing CPU#16
[    0.040000] CPU: L1 I Cache: 64K (64 bytes/line), D cache 64K (64 bytes/line)
[    0.040000] CPU: L2 Cache: 512K (64 bytes/line)
[    0.040000] CPU 16/0x4 -> Node 0
[    0.040000] CPU: Physical Processor ID: 0
[    0.040000] CPU: Processor Core ID: 4
[    2.920059] CPU16: AMD Opteron(tm) Processor 6174 stepping 01
[    2.922280] checking TSC synchronization [CPU#0 -> CPU#16]: passed.
[    2.930074] Booting processor 17 APIC 0x14 ip 0x6000
[    0.040000] Initializing CPU#17
[    0.040000] CPU: L1 I Cache: 64K (64 bytes/line), D cache 64K (64 bytes/line)
[    0.040000] CPU: L2 Cache: 512K (64 bytes/line)
[    0.040000] CPU 17/0x14 -> Node 2
[    0.040000] CPU: Physical Processor ID: 1
[    0.040000] CPU: Processor Core ID: 4
[    3.090108] CPU17: AMD Opteron(tm) Processor 6174 stepping 01
[    3.090854] checking TSC synchronization [CPU#0 -> CPU#17]: passed.
[    3.100093] Booting processor 18 APIC 0x24 ip 0x6000
[    0.040000] Initializing CPU#18
[    0.040000] CPU: L1 I Cache: 64K (64 bytes/line), D cache 64K (64 bytes/line)
[    0.040000] CPU: L2 Cache: 512K (64 bytes/line)
[    0.040000] CPU 18/0x24 -> Node 4
[    0.040000] CPU: Physical Processor ID: 2
[    0.040000] CPU: Processor Core ID: 4
[    3.260098] CPU18: AMD Opteron(tm) Processor 6174 stepping 01
[    3.260844] checking TSC synchronization [CPU#0 -> CPU#18]: passed.
[    3.270099] Booting processor 19 APIC 0x34 ip 0x6000
[    0.040000] Initializing CPU#19
[    0.040000] CPU: L1 I Cache: 64K (64 bytes/line), D cache 64K (64 bytes/line)
[    0.040000] CPU: L2 Cache: 512K (64 bytes/line)
[    0.040000] CPU 19/0x34 -> Node 6
[    0.040000] CPU: Physical Processor ID: 3
[    0.040000] CPU: Processor Core ID: 4
[    3.430101] CPU19: AMD Opteron(tm) Processor 6174 stepping 01
[    3.430847] checking TSC synchronization [CPU#0 -> CPU#19]: passed.
[    3.440103] Booting processor 20 APIC 0x5 ip 0x6000
[    0.040000] Initializing CPU#20
[    0.040000] CPU: L1 I Cache: 64K (64 bytes/line), D cache 64K (64 bytes/line)
[    0.040000] CPU: L2 Cache: 512K (64 bytes/line)
[    0.040000] CPU 20/0x5 -> Node 0
[    0.040000] CPU: Physical Processor ID: 0
[    0.040000] CPU: Processor Core ID: 5
[    3.600104] CPU20: AMD Opteron(tm) Processor 6174 stepping 01
[    3.600850] checking TSC synchronization [CPU#0 -> CPU#20]: passed.
[    3.610092] Booting processor 21 APIC 0x15 ip 0x6000
[    0.040000] Initializing CPU#21
[    0.040000] CPU: L1 I Cache: 64K (64 bytes/line), D cache 64K (64 bytes/line)
[    0.040000] CPU: L2 Cache: 512K (64 bytes/line)
[    0.040000] CPU 21/0x15 -> Node 2
[    0.040000] CPU: Physical Processor ID: 1
[    0.040000] CPU: Processor Core ID: 5
[    3.770075] CPU21: AMD Opteron(tm) Processor 6174 stepping 01
[    3.770820] checking TSC synchronization [CPU#0 -> CPU#21]: passed.
[    3.780115] Booting processor 22 APIC 0x25 ip 0x6000
[    0.040000] Initializing CPU#22
[    0.040000] CPU: L1 I Cache: 64K (64 bytes/line), D cache 64K (64 bytes/line)
[    0.040000] CPU: L2 Cache: 512K (64 bytes/line)
[    0.040000] CPU 22/0x25 -> Node 4
[    0.040000] CPU: Physical Processor ID: 2
[    0.040000] CPU: Processor Core ID: 5
[    3.940094] CPU22: AMD Opteron(tm) Processor 6174 stepping 01
[    3.940841] checking TSC synchronization [CPU#0 -> CPU#22]: passed.
[    3.950104] Booting processor 23 APIC 0x35 ip 0x6000
[    0.040000] Initializing CPU#23
[    0.040000] CPU: L1 I Cache: 64K (64 bytes/line), D cache 64K (64 bytes/line)
[    0.040000] CPU: L2 Cache: 512K (64 bytes/line)
[    0.040000] CPU 23/0x35 -> Node 6
[    0.040000] CPU: Physical Processor ID: 3
[    0.040000] CPU: Processor Core ID: 5
[    4.110105] CPU23: AMD Opteron(tm) Processor 6174 stepping 01
[    4.110852] checking TSC synchronization [CPU#0 -> CPU#23]: passed.
[    4.120111] Booting processor 24 APIC 0x6 ip 0x6000
[    0.040000] Initializing CPU#24
[    0.040000] CPU: L1 I Cache: 64K (64 bytes/line), D cache 64K (64 bytes/line)
[    0.040000] CPU: L2 Cache: 512K (64 bytes/line)
[    0.040000] CPU 24/0x6 -> Node 1
[    0.040000] CPU: Physical Processor ID: 0
[    0.040000] CPU: Processor Core ID: 0
[    4.280116] CPU24: AMD Opteron(tm) Processor 6174 stepping 01
[    4.280862] checking TSC synchronization [CPU#0 -> CPU#24]: passed.
[    4.290121] Booting processor 25 APIC 0x16 ip 0x6000
[    0.040000] Initializing CPU#25
[    0.040000] CPU: L1 I Cache: 64K (64 bytes/line), D cache 64K (64 bytes/line)
[    0.040000] CPU: L2 Cache: 512K (64 bytes/line)
[    0.040000] CPU 25/0x16 -> Node 3
[    0.040000] CPU: Physical Processor ID: 1
[    0.040000] CPU: Processor Core ID: 0
[    4.450043] CPU25: AMD Opteron(tm) Processor 6174 stepping 01
[    4.450789] checking TSC synchronization [CPU#0 -> CPU#25]: passed.
[    4.460127] Booting processor 26 APIC 0x26 ip 0x6000
[    0.040000] Initializing CPU#26
[    0.040000] CPU: L1 I Cache: 64K (64 bytes/line), D cache 64K (64 bytes/line)
[    0.040000] CPU: L2 Cache: 512K (64 bytes/line)
[    0.040000] CPU 26/0x26 -> Node 5
[    0.040000] CPU: Physical Processor ID: 2
[    0.040000] CPU: Processor Core ID: 0
[    4.620072] CPU26: AMD Opteron(tm) Processor 6174 stepping 01
[    4.620818] checking TSC synchronization [CPU#0 -> CPU#26]: passed.
[    4.630136] Booting processor 27 APIC 0x36 ip 0x6000
[    0.040000] Initializing CPU#27
[    0.040000] CPU: L1 I Cache: 64K (64 bytes/line), D cache 64K (64 bytes/line)
[    0.040000] CPU: L2 Cache: 512K (64 bytes/line)
[    0.040000] CPU 27/0x36 -> Node 7
[    0.040000] CPU: Physical Processor ID: 3
[    0.040000] CPU: Processor Core ID: 0
[    4.790115] CPU27: AMD Opteron(tm) Processor 6174 stepping 01
[    4.790861] checking TSC synchronization [CPU#0 -> CPU#27]: passed.
[    4.800114] Booting processor 28 APIC 0x7 ip 0x6000
[    0.040000] Initializing CPU#28
[    0.040000] CPU: L1 I Cache: 64K (64 bytes/line), D cache 64K (64 bytes/line)
[    0.040000] CPU: L2 Cache: 512K (64 bytes/line)
[    0.040000] CPU 28/0x7 -> Node 1
[    0.040000] CPU: Physical Processor ID: 0
[    0.040000] CPU: Processor Core ID: 1
[    4.960036] CPU28: AMD Opteron(tm) Processor 6174 stepping 01
[    4.960782] checking TSC synchronization [CPU#0 -> CPU#28]: passed.
[    4.970112] Booting processor 29 APIC 0x17 ip 0x6000
[    0.040000] Initializing CPU#29
[    0.040000] CPU: L1 I Cache: 64K (64 bytes/line), D cache 64K (64 bytes/line)
[    0.040000] CPU: L2 Cache: 512K (64 bytes/line)
[    0.040000] CPU 29/0x17 -> Node 3
[    0.040000] CPU: Physical Processor ID: 1
[    0.040000] CPU: Processor Core ID: 1
[    5.130054] CPU29: AMD Opteron(tm) Processor 6174 stepping 01
[    5.130799] checking TSC synchronization [CPU#0 -> CPU#29]: passed.
[    5.140140] Booting processor 30 APIC 0x27 ip 0x6000
[    0.040000] Initializing CPU#30
[    0.040000] CPU: L1 I Cache: 64K (64 bytes/line), D cache 64K (64 bytes/line)
[    0.040000] CPU: L2 Cache: 512K (64 bytes/line)
[    0.040000] CPU 30/0x27 -> Node 5
[    0.040000] CPU: Physical Processor ID: 2
[    0.040000] CPU: Processor Core ID: 1
[    5.300096] CPU30: AMD Opteron(tm) Processor 6174 stepping 01
[    5.300843] checking TSC synchronization [CPU#0 -> CPU#30]: passed.
[    5.310133] Booting processor 31 APIC 0x37 ip 0x6000
[    0.040000] Initializing CPU#31
[    0.040000] CPU: L1 I Cache: 64K (64 bytes/line), D cache 64K (64 bytes/line)
[    0.040000] CPU: L2 Cache: 512K (64 bytes/line)
[    0.040000] CPU 31/0x37 -> Node 7
[    0.040000] CPU: Physical Processor ID: 3
[    0.040000] CPU: Processor Core ID: 1
[    5.470041] CPU31: AMD Opteron(tm) Processor 6174 stepping 01
[    5.470786] checking TSC synchronization [CPU#0 -> CPU#31]: passed.
[    5.480131] Booting processor 32 APIC 0x8 ip 0x6000
[    0.040000] Initializing CPU#32
[    0.040000] CPU: L1 I Cache: 64K (64 bytes/line), D cache 64K (64 bytes/line)
[    0.040000] CPU: L2 Cache: 512K (64 bytes/line)
[    0.040000] CPU 32/0x8 -> Node 1
[    0.040000] CPU: Physical Processor ID: 0
[    0.040000] CPU: Processor Core ID: 2
[    5.640071] CPU32: AMD Opteron(tm) Processor 6174 stepping 01
[    5.640816] checking TSC synchronization [CPU#0 -> CPU#32]: passed.
[    5.650150] Booting processor 33 APIC 0x18 ip 0x6000
[    0.040000] Initializing CPU#33
[    0.040000] CPU: L1 I Cache: 64K (64 bytes/line), D cache 64K (64 bytes/line)
[    0.040000] CPU: L2 Cache: 512K (64 bytes/line)
[    0.040000] CPU 33/0x18 -> Node 3
[    0.040000] CPU: Physical Processor ID: 1
[    0.040000] CPU: Processor Core ID: 2
[    5.810123] CPU33: AMD Opteron(tm) Processor 6174 stepping 01
[    5.810870] checking TSC synchronization [CPU#0 -> CPU#33]: passed.
[    5.820129] Booting processor 34 APIC 0x28 ip 0x6000
[    0.040000] Initializing CPU#34
[    0.040000] CPU: L1 I Cache: 64K (64 bytes/line), D cache 64K (64 bytes/line)
[    0.040000] CPU: L2 Cache: 512K (64 bytes/line)
[    0.040000] CPU 34/0x28 -> Node 5
[    0.040000] CPU: Physical Processor ID: 2
[    0.040000] CPU: Processor Core ID: 2
[    5.980058] CPU34: AMD Opteron(tm) Processor 6174 stepping 01
[    5.980804] checking TSC synchronization [CPU#0 -> CPU#34]: passed.
[    5.990152] Booting processor 35 APIC 0x38 ip 0x6000
[    0.040000] Initializing CPU#35
[    0.040000] CPU: L1 I Cache: 64K (64 bytes/line), D cache 64K (64 bytes/line)
[    0.040000] CPU: L2 Cache: 512K (64 bytes/line)
[    0.040000] CPU 35/0x38 -> Node 7
[    0.040000] CPU: Physical Processor ID: 3
[    0.040000] CPU: Processor Core ID: 2
[    6.150115] CPU35: AMD Opteron(tm) Processor 6174 stepping 01
[    6.150861] checking TSC synchronization [CPU#0 -> CPU#35]: passed.
[    6.160130] Booting processor 36 APIC 0x9 ip 0x6000
[    0.040000] Initializing CPU#36
[    0.040000] CPU: L1 I Cache: 64K (64 bytes/line), D cache 64K (64 bytes/line)
[    0.040000] CPU: L2 Cache: 512K (64 bytes/line)
[    0.040000] CPU 36/0x9 -> Node 1
[    0.040000] CPU: Physical Processor ID: 0
[    0.040000] CPU: Processor Core ID: 3
[    6.320052] CPU36: AMD Opteron(tm) Processor 6174 stepping 01
[    6.322237] checking TSC synchronization [CPU#0 -> CPU#36]: passed.
[    6.330089] Booting processor 37 APIC 0x19 ip 0x6000
[    0.040000] Initializing CPU#37
[    0.040000] CPU: L1 I Cache: 64K (64 bytes/line), D cache 64K (64 bytes/line)
[    0.040000] CPU: L2 Cache: 512K (64 bytes/line)
[    0.040000] CPU 37/0x19 -> Node 3
[    0.040000] CPU: Physical Processor ID: 1
[    0.040000] CPU: Processor Core ID: 3
[    6.490080] CPU37: AMD Opteron(tm) Processor 6174 stepping 01
[    6.490826] checking TSC synchronization [CPU#0 -> CPU#37]: passed.
[    6.500153] Booting processor 38 APIC 0x29 ip 0x6000
[    0.040000] Initializing CPU#38
[    0.040000] CPU: L1 I Cache: 64K (64 bytes/line), D cache 64K (64 bytes/line)
[    0.040000] CPU: L2 Cache: 512K (64 bytes/line)
[    0.040000] CPU 38/0x29 -> Node 5
[    0.040000] CPU: Physical Processor ID: 2
[    0.040000] CPU: Processor Core ID: 3
[    6.660133] CPU38: AMD Opteron(tm) Processor 6174 stepping 01
[    6.660880] checking TSC synchronization [CPU#0 -> CPU#38]: passed.
[    6.670125] Booting processor 39 APIC 0x39 ip 0x6000
[    0.040000] Initializing CPU#39
[    0.040000] CPU: L1 I Cache: 64K (64 bytes/line), D cache 64K (64 bytes/line)
[    0.040000] CPU: L2 Cache: 512K (64 bytes/line)
[    0.040000] CPU 39/0x39 -> Node 7
[    0.040000] CPU: Physical Processor ID: 3
[    0.040000] CPU: Processor Core ID: 3
[    6.830066] CPU39: AMD Opteron(tm) Processor 6174 stepping 01
[    6.830813] checking TSC synchronization [CPU#0 -> CPU#39]: passed.
[    6.840152] Booting processor 40 APIC 0xa ip 0x6000
[    0.040000] Initializing CPU#40
[    0.040000] CPU: L1 I Cache: 64K (64 bytes/line), D cache 64K (64 bytes/line)
[    0.040000] CPU: L2 Cache: 512K (64 bytes/line)
[    0.040000] CPU 40/0xa -> Node 1
[    0.040000] CPU: Physical Processor ID: 0
[    0.040000] CPU: Processor Core ID: 4
[    7.000019] CPU40: AMD Opteron(tm) Processor 6174 stepping 01
[    7.000764] checking TSC synchronization [CPU#0 -> CPU#40]: passed.
[    7.010120] Booting processor 41 APIC 0x1a ip 0x6000
[    0.040000] Initializing CPU#41
[    0.040000] CPU: L1 I Cache: 64K (64 bytes/line), D cache 64K (64 bytes/line)
[    0.040000] CPU: L2 Cache: 512K (64 bytes/line)
[    0.040000] CPU 41/0x1a -> Node 3
[    0.040000] CPU: Physical Processor ID: 1
[    0.040000] CPU: Processor Core ID: 4
[    7.170047] CPU41: AMD Opteron(tm) Processor 6174 stepping 01
[    7.170792] checking TSC synchronization [CPU#0 -> CPU#41]: passed.
[    7.180155] Booting processor 42 APIC 0x2a ip 0x6000
[    0.040000] Initializing CPU#42
[    0.040000] CPU: L1 I Cache: 64K (64 bytes/line), D cache 64K (64 bytes/line)
[    0.040000] CPU: L2 Cache: 512K (64 bytes/line)
[    0.040000] CPU 42/0x2a -> Node 5
[    0.040000] CPU: Physical Processor ID: 2
[    0.040000] CPU: Processor Core ID: 4
[    7.340098] CPU42: AMD Opteron(tm) Processor 6174 stepping 01
[    7.340844] checking TSC synchronization [CPU#0 -> CPU#42]: passed.
[    7.350152] Booting processor 43 APIC 0x3a ip 0x6000
[    0.040000] Initializing CPU#43
[    0.040000] CPU: L1 I Cache: 64K (64 bytes/line), D cache 64K (64 bytes/line)
[    0.040000] CPU: L2 Cache: 512K (64 bytes/line)
[    0.040000] CPU 43/0x3a -> Node 7
[    0.040000] CPU: Physical Processor ID: 3
[    0.040000] CPU: Processor Core ID: 4
[    7.510063] CPU43: AMD Opteron(tm) Processor 6174 stepping 01
[    7.510810] checking TSC synchronization [CPU#0 -> CPU#43]: passed.
[    7.520165] Booting processor 44 APIC 0xb ip 0x6000
[    0.040000] Initializing CPU#44
[    0.040000] CPU: L1 I Cache: 64K (64 bytes/line), D cache 64K (64 bytes/line)
[    0.040000] CPU: L2 Cache: 512K (64 bytes/line)
[    0.040000] CPU 44/0xb -> Node 1
[    0.040000] CPU: Physical Processor ID: 0
[    0.040000] CPU: Processor Core ID: 5
[    7.680037] CPU44: AMD Opteron(tm) Processor 6174 stepping 01
[    7.680783] checking TSC synchronization [CPU#0 -> CPU#44]: passed.
[    7.690154] Booting processor 45 APIC 0x1b ip 0x6000
[    0.040000] Initializing CPU#45
[    0.040000] CPU: L1 I Cache: 64K (64 bytes/line), D cache 64K (64 bytes/line)
[    0.040000] CPU: L2 Cache: 512K (64 bytes/line)
[    0.040000] CPU 45/0x1b -> Node 3
[    0.040000] CPU: Physical Processor ID: 1
[    0.040000] CPU: Processor Core ID: 5
[    7.850091] CPU45: AMD Opteron(tm) Processor 6174 stepping 01
[    7.850838] checking TSC synchronization [CPU#0 -> CPU#45]: passed.
[    7.860169] Booting processor 46 APIC 0x2b ip 0x6000
[    0.040000] Initializing CPU#46
[    0.040000] CPU: L1 I Cache: 64K (64 bytes/line), D cache 64K (64 bytes/line)
[    0.040000] CPU: L2 Cache: 512K (64 bytes/line)
[    0.040000] CPU 46/0x2b -> Node 5
[    0.040000] CPU: Physical Processor ID: 2
[    0.040000] CPU: Processor Core ID: 5
[    8.020076] CPU46: AMD Opteron(tm) Processor 6174 stepping 01
[    8.020821] checking TSC synchronization [CPU#0 -> CPU#46]: passed.
[    8.030177] Booting processor 47 APIC 0x3b ip 0x6000
[    0.040000] Initializing CPU#47
[    0.040000] CPU: L1 I Cache: 64K (64 bytes/line), D cache 64K (64 bytes/line)
[    0.040000] CPU: L2 Cache: 512K (64 bytes/line)
[    0.040000] CPU 47/0x3b -> Node 7
[    0.040000] CPU: Physical Processor ID: 3
[    0.040000] CPU: Processor Core ID: 5
[    8.190058] CPU47: AMD Opteron(tm) Processor 6174 stepping 01
[    8.190804] checking TSC synchronization [CPU#0 -> CPU#47]: passed.
[    8.200109] Brought up 48 CPUs
[    8.200205] Total of 48 processors activated (211206.89 BogoMIPS).
[    8.210333] CPU0 attaching sched-domain:
[    8.210337]  domain 0: span 0,4,8,12,16,20 level MC
[    8.210339]   groups: 0 4 8 12 16 20
[    8.210345]   domain 1: span 0-47 level NODE
[    8.210348]    groups: 0,4,8,12,16,20 (cpu_power = 6144) 24,28,32,36,40,44 (cpu_power = 6144) 1,5,9,13,17,21 (cpu_power = 6144) 25,29,33,37,41,45 (cpu_power = 6144) 2,6,10,14,18,22 (cpu_power = 6144) 26,30,34,38,42,46 (cpu_power = 6144) 3,7,11,15,19,23 (cpu_power = 6144) 27,31,35,39,43,47 (cpu_power = 6144)
[    8.210367] CPU1 attaching sched-domain:
[    8.210369]  domain 0: span 1,5,9,13,17,21 level MC
[    8.210371]   groups: 1 5 9 13 17 21
[    8.210377]   domain 1: span 0-47 level NODE
[    8.210379]    groups: 1,5,9,13,17,21 (cpu_power = 6144) 25,29,33,37,41,45 (cpu_power = 6144) 2,6,10,14,18,22 (cpu_power = 6144) 26,30,34,38,42,46 (cpu_power = 6144) 3,7,11,15,19,23 (cpu_power = 6144) 27,31,35,39,43,47 (cpu_power = 6144) 0,4,8,12,16,20 (cpu_power = 6144) 24,28,32,36,40,44 (cpu_power = 6144)
[    8.210397] CPU2 attaching sched-domain:
[    8.210399]  domain 0: span 2,6,10,14,18,22 level MC
[    8.210401]   groups: 2 6 10 14 18 22
[    8.210406]   domain 1: span 0-47 level NODE
[    8.210408]    groups: 2,6,10,14,18,22 (cpu_power = 6144) 26,30,34,38,42,46 (cpu_power = 6144) 3,7,11,15,19,23 (cpu_power = 6144) 27,31,35,39,43,47 (cpu_power = 6144) 0,4,8,12,16,20 (cpu_power = 6144) 24,28,32,36,40,44 (cpu_power = 6144) 1,5,9,13,17,21 (cpu_power = 6144) 25,29,33,37,41,45 (cpu_power = 6144)
[    8.210426] CPU3 attaching sched-domain:
[    8.210428]  domain 0: span 3,7,11,15,19,23 level MC
[    8.210430]   groups: 3 7 11 15 19 23
[    8.210435]   domain 1: span 0-47 level NODE
[    8.210437]    groups: 3,7,11,15,19,23 (cpu_power = 6144) 27,31,35,39,43,47 (cpu_power = 6144) 0,4,8,12,16,20 (cpu_power = 6144) 24,28,32,36,40,44 (cpu_power = 6144) 1,5,9,13,17,21 (cpu_power = 6144) 25,29,33,37,41,45 (cpu_power = 6144) 2,6,10,14,18,22 (cpu_power = 6144) 26,30,34,38,42,46 (cpu_power = 6144)
[    8.210455] CPU4 attaching sched-domain:
[    8.210457]  domain 0: span 0,4,8,12,16,20 level MC
[    8.210459]   groups: 4 8 12 16 20 0
[    8.210464]   domain 1: span 0-47 level NODE
[    8.210466]    groups: 0,4,8,12,16,20 (cpu_power = 6144) 24,28,32,36,40,44 (cpu_power = 6144) 1,5,9,13,17,21 (cpu_power = 6144) 25,29,33,37,41,45 (cpu_power = 6144) 2,6,10,14,18,22 (cpu_power = 6144) 26,30,34,38,42,46 (cpu_power = 6144) 3,7,11,15,19,23 (cpu_power = 6144) 27,31,35,39,43,47 (cpu_power = 6144)
[    8.210484] CPU5 attaching sched-domain:
[    8.210486]  domain 0: span 1,5,9,13,17,21 level MC
[    8.210488]   groups: 5 9 13 17 21 1
[    8.210493]   domain 1: span 0-47 level NODE
[    8.210495]    groups: 1,5,9,13,17,21 (cpu_power = 6144) 25,29,33,37,41,45 (cpu_power = 6144) 2,6,10,14,18,22 (cpu_power = 6144) 26,30,34,38,42,46 (cpu_power = 6144) 3,7,11,15,19,23 (cpu_power = 6144) 27,31,35,39,43,47 (cpu_power = 6144) 0,4,8,12,16,20 (cpu_power = 6144) 24,28,32,36,40,44 (cpu_power = 6144)
[    8.210512] CPU6 attaching sched-domain:
[    8.210515]  domain 0: span 2,6,10,14,18,22 level MC
[    8.210517]   groups: 6 10 14 18 22 2
[    8.210521]   domain 1: span 0-47 level NODE
[    8.210523]    groups: 2,6,10,14,18,22 (cpu_power = 6144) 26,30,34,38,42,46 (cpu_power = 6144) 3,7,11,15,19,23 (cpu_power = 6144) 27,31,35,39,43,47 (cpu_power = 6144) 0,4,8,12,16,20 (cpu_power = 6144) 24,28,32,36,40,44 (cpu_power = 6144) 1,5,9,13,17,21 (cpu_power = 6144) 25,29,33,37,41,45 (cpu_power = 6144)
[    8.210541] CPU7 attaching sched-domain:
[    8.210544]  domain 0: span 3,7,11,15,19,23 level MC
[    8.210546]   groups: 7 11 15 19 23 3
[    8.210550]   domain 1: span 0-47 level NODE
[    8.210552]    groups: 3,7,11,15,19,23 (cpu_power = 6144) 27,31,35,39,43,47 (cpu_power = 6144) 0,4,8,12,16,20 (cpu_power = 6144) 24,28,32,36,40,44 (cpu_power = 6144) 1,5,9,13,17,21 (cpu_power = 6144) 25,29,33,37,41,45 (cpu_power = 6144) 2,6,10,14,18,22 (cpu_power = 6144) 26,30,34,38,42,46 (cpu_power = 6144)
[    8.210570] CPU8 attaching sched-domain:
[    8.210572]  domain 0: span 0,4,8,12,16,20 level MC
[    8.210574]   groups: 8 12 16 20 0 4
[    8.210579]   domain 1: span 0-47 level NODE
[    8.210581]    groups: 0,4,8,12,16,20 (cpu_power = 6144) 24,28,32,36,40,44 (cpu_power = 6144) 1,5,9,13,17,21 (cpu_power = 6144) 25,29,33,37,41,45 (cpu_power = 6144) 2,6,10,14,18,22 (cpu_power = 6144) 26,30,34,38,42,46 (cpu_power = 6144) 3,7,11,15,19,23 (cpu_power = 6144) 27,31,35,39,43,47 (cpu_power = 6144)
[    8.210599] CPU9 attaching sched-domain:
[    8.210601]  domain 0: span 1,5,9,13,17,21 level MC
[    8.210603]   groups: 9 13 17 21 1 5
[    8.210608]   domain 1: span 0-47 level NODE
[    8.210610]    groups: 1,5,9,13,17,21 (cpu_power = 6144) 25,29,33,37,41,45 (cpu_power = 6144) 2,6,10,14,18,22 (cpu_power = 6144) 26,30,34,38,42,46 (cpu_power = 6144) 3,7,11,15,19,23 (cpu_power = 6144) 27,31,35,39,43,47 (cpu_power = 6144) 0,4,8,12,16,20 (cpu_power = 6144) 24,28,32,36,40,44 (cpu_power = 6144)
[    8.210628] CPU10 attaching sched-domain:
[    8.210630]  domain 0: span 2,6,10,14,18,22 level MC
[    8.210632]   groups: 10 14 18 22 2 6
[    8.210637]   domain 1: span 0-47 level NODE
[    8.210639]    groups: 2,6,10,14,18,22 (cpu_power = 6144) 26,30,34,38,42,46 (cpu_power = 6144) 3,7,11,15,19,23 (cpu_power = 6144) 27,31,35,39,43,47 (cpu_power = 6144) 0,4,8,12,16,20 (cpu_power = 6144) 24,28,32,36,40,44 (cpu_power = 6144) 1,5,9,13,17,21 (cpu_power = 6144) 25,29,33,37,41,45 (cpu_power = 6144)
[    8.210657] CPU11 attaching sched-domain:
[    8.210659]  domain 0: span 3,7,11,15,19,23 level MC
[    8.210661]   groups: 11 15 19 23 3 7
[    8.210666]   domain 1: span 0-47 level NODE
[    8.210668]    groups: 3,7,11,15,19,23 (cpu_power = 6144) 27,31,35,39,43,47 (cpu_power = 6144) 0,4,8,12,16,20 (cpu_power = 6144) 24,28,32,36,40,44 (cpu_power = 6144) 1,5,9,13,17,21 (cpu_power = 6144) 25,29,33,37,41,45 (cpu_power = 6144) 2,6,10,14,18,22 (cpu_power = 6144) 26,30,34,38,42,46 (cpu_power = 6144)
[    8.210686] CPU12 attaching sched-domain:
[    8.210688]  domain 0: span 0,4,8,12,16,20 level MC
[    8.210690]   groups: 12 16 20 0 4 8
[    8.210695]   domain 1: span 0-47 level NODE
[    8.210697]    groups: 0,4,8,12,16,20 (cpu_power = 6144) 24,28,32,36,40,44 (cpu_power = 6144) 1,5,9,13,17,21 (cpu_power = 6144) 25,29,33,37,41,45 (cpu_power = 6144) 2,6,10,14,18,22 (cpu_power = 6144) 26,30,34,38,42,46 (cpu_power = 6144) 3,7,11,15,19,23 (cpu_power = 6144) 27,31,35,39,43,47 (cpu_power = 6144)
[    8.210715] CPU13 attaching sched-domain:
[    8.210717]  domain 0: span 1,5,9,13,17,21 level MC
[    8.210719]   groups: 13 17 21 1 5 9
[    8.210724]   domain 1: span 0-47 level NODE
[    8.210726]    groups: 1,5,9,13,17,21 (cpu_power = 6144) 25,29,33,37,41,45 (cpu_power = 6144) 2,6,10,14,18,22 (cpu_power = 6144) 26,30,34,38,42,46 (cpu_power = 6144) 3,7,11,15,19,23 (cpu_power = 6144) 27,31,35,39,43,47 (cpu_power = 6144) 0,4,8,12,16,20 (cpu_power = 6144) 24,28,32,36,40,44 (cpu_power = 6144)
[    8.210744] CPU14 attaching sched-domain:
[    8.210746]  domain 0: span 2,6,10,14,18,22 level MC
[    8.210748]   groups: 14 18 22 2 6 10
[    8.210753]   domain 1: span 0-47 level NODE
[    8.210755]    groups: 2,6,10,14,18,22 (cpu_power = 6144) 26,30,34,38,42,46 (cpu_power = 6144) 3,7,11,15,19,23 (cpu_power = 6144) 27,31,35,39,43,47 (cpu_power = 6144) 0,4,8,12,16,20 (cpu_power = 6144) 24,28,32,36,40,44 (cpu_power = 6144) 1,5,9,13,17,21 (cpu_power = 6144) 25,29,33,37,41,45 (cpu_power = 6144)
[    8.210773] CPU15 attaching sched-domain:
[    8.210775]  domain 0: span 3,7,11,15,19,23 level MC
[    8.210777]   groups: 15 19 23 3 7 11
[    8.210782]   domain 1: span 0-47 level NODE
[    8.210784]    groups: 3,7,11,15,19,23 (cpu_power = 6144) 27,31,35,39,43,47 (cpu_power = 6144) 0,4,8,12,16,20 (cpu_power = 6144) 24,28,32,36,40,44 (cpu_power = 6144) 1,5,9,13,17,21 (cpu_power = 6144) 25,29,33,37,41,45 (cpu_power = 6144) 2,6,10,14,18,22 (cpu_power = 6144) 26,30,34,38,42,46 (cpu_power = 6144)
[    8.210802] CPU16 attaching sched-domain:
[    8.210804]  domain 0: span 0,4,8,12,16,20 level MC
[    8.210806]   groups: 16 20 0 4 8 12
[    8.210811]   domain 1: span 0-47 level NODE
[    8.210813]    groups: 0,4,8,12,16,20 (cpu_power = 6144) 24,28,32,36,40,44 (cpu_power = 6144) 1,5,9,13,17,21 (cpu_power = 6144) 25,29,33,37,41,45 (cpu_power = 6144) 2,6,10,14,18,22 (cpu_power = 6144) 26,30,34,38,42,46 (cpu_power = 6144) 3,7,11,15,19,23 (cpu_power = 6144) 27,31,35,39,43,47 (cpu_power = 6144)
[    8.210831] CPU17 attaching sched-domain:
[    8.210833]  domain 0: span 1,5,9,13,17,21 level MC
[    8.210835]   groups: 17 21 1 5 9 13
[    8.210840]   domain 1: span 0-47 level NODE
[    8.210841]    groups: 1,5,9,13,17,21 (cpu_power = 6144) 25,29,33,37,41,45 (cpu_power = 6144) 2,6,10,14,18,22 (cpu_power = 6144) 26,30,34,38,42,46 (cpu_power = 6144) 3,7,11,15,19,23 (cpu_power = 6144) 27,31,35,39,43,47 (cpu_power = 6144) 0,4,8,12,16,20 (cpu_power = 6144) 24,28,32,36,40,44 (cpu_power = 6144)
[    8.210859] CPU18 attaching sched-domain:
[    8.210862]  domain 0: span 2,6,10,14,18,22 level MC
[    8.210863]   groups: 18 22 2 6 10 14
[    8.210868]   domain 1: span 0-47 level NODE
[    8.210870]    groups: 2,6,10,14,18,22 (cpu_power = 6144) 26,30,34,38,42,46 (cpu_power = 6144) 3,7,11,15,19,23 (cpu_power = 6144) 27,31,35,39,43,47 (cpu_power = 6144) 0,4,8,12,16,20 (cpu_power = 6144) 24,28,32,36,40,44 (cpu_power = 6144) 1,5,9,13,17,21 (cpu_power = 6144) 25,29,33,37,41,45 (cpu_power = 6144)
[    8.210888] CPU19 attaching sched-domain:
[    8.210890]  domain 0: span 3,7,11,15,19,23 level MC
[    8.210892]   groups: 19 23 3 7 11 15
[    8.210897]   domain 1: span 0-47 level NODE
[    8.210899]    groups: 3,7,11,15,19,23 (cpu_power = 6144) 27,31,35,39,43,47 (cpu_power = 6144) 0,4,8,12,16,20 (cpu_power = 6144) 24,28,32,36,40,44 (cpu_power = 6144) 1,5,9,13,17,21 (cpu_power = 6144) 25,29,33,37,41,45 (cpu_power = 6144) 2,6,10,14,18,22 (cpu_power = 6144) 26,30,34,38,42,46 (cpu_power = 6144)
[    8.210917] CPU20 attaching sched-domain:
[    8.210919]  domain 0: span 0,4,8,12,16,20 level MC
[    8.210921]   groups: 20 0 4 8 12 16
[    8.210926]   domain 1: span 0-47 level NODE
[    8.210928]    groups: 0,4,8,12,16,20 (cpu_power = 6144) 24,28,32,36,40,44 (cpu_power = 6144) 1,5,9,13,17,21 (cpu_power = 6144) 25,29,33,37,41,45 (cpu_power = 6144) 2,6,10,14,18,22 (cpu_power = 6144) 26,30,34,38,42,46 (cpu_power = 6144) 3,7,11,15,19,23 (cpu_power = 6144) 27,31,35,39,43,47 (cpu_power = 6144)
[    8.210946] CPU21 attaching sched-domain:
[    8.210948]  domain 0: span 1,5,9,13,17,21 level MC
[    8.210950]   groups: 21 1 5 9 13 17
[    8.210955]   domain 1: span 0-47 level NODE
[    8.210957]    groups: 1,5,9,13,17,21 (cpu_power = 6144) 25,29,33,37,41,45 (cpu_power = 6144) 2,6,10,14,18,22 (cpu_power = 6144) 26,30,34,38,42,46 (cpu_power = 6144) 3,7,11,15,19,23 (cpu_power = 6144) 27,31,35,39,43,47 (cpu_power = 6144) 0,4,8,12,16,20 (cpu_power = 6144) 24,28,32,36,40,44 (cpu_power = 6144)
[    8.210975] CPU22 attaching sched-domain:
[    8.210977]  domain 0: span 2,6,10,14,18,22 level MC
[    8.210979]   groups: 22 2 6 10 14 18
[    8.210984]   domain 1: span 0-47 level NODE
[    8.210986]    groups: 2,6,10,14,18,22 (cpu_power = 6144) 26,30,34,38,42,46 (cpu_power = 6144) 3,7,11,15,19,23 (cpu_power = 6144) 27,31,35,39,43,47 (cpu_power = 6144) 0,4,8,12,16,20 (cpu_power = 6144) 24,28,32,36,40,44 (cpu_power = 6144) 1,5,9,13,17,21 (cpu_power = 6144) 25,29,33,37,41,45 (cpu_power = 6144)
[    8.211004] CPU23 attaching sched-domain:
[    8.211006]  domain 0: span 3,7,11,15,19,23 level MC
[    8.211008]   groups: 23 3 7 11 15 19
[    8.211013]   domain 1: span 0-47 level NODE
[    8.211015]    groups: 3,7,11,15,19,23 (cpu_power = 6144) 27,31,35,39,43,47 (cpu_power = 6144) 0,4,8,12,16,20 (cpu_power = 6144) 24,28,32,36,40,44 (cpu_power = 6144) 1,5,9,13,17,21 (cpu_power = 6144) 25,29,33,37,41,45 (cpu_power = 6144) 2,6,10,14,18,22 (cpu_power = 6144) 26,30,34,38,42,46 (cpu_power = 6144)
[    8.211033] CPU24 attaching sched-domain:
[    8.211035]  domain 0: span 24,28,32,36,40,44 level MC
[    8.211037]   groups: 24 28 32 36 40 44
[    8.211042]   domain 1: span 0-47 level NODE
[    8.211044]    groups: 24,28,32,36,40,44 (cpu_power = 6144) 1,5,9,13,17,21 (cpu_power = 6144) 25,29,33,37,41,45 (cpu_power = 6144) 2,6,10,14,18,22 (cpu_power = 6144) 26,30,34,38,42,46 (cpu_power = 6144) 3,7,11,15,19,23 (cpu_power = 6144) 27,31,35,39,43,47 (cpu_power = 6144) 0,4,8,12,16,20 (cpu_power = 6144)
[    8.211062] CPU25 attaching sched-domain:
[    8.211064]  domain 0: span 25,29,33,37,41,45 level MC
[    8.211066]   groups: 25 29 33 37 41 45
[    8.211070]   domain 1: span 0-47 level NODE
[    8.211072]    groups: 25,29,33,37,41,45 (cpu_power = 6144) 2,6,10,14,18,22 (cpu_power = 6144) 26,30,34,38,42,46 (cpu_power = 6144) 3,7,11,15,19,23 (cpu_power = 6144) 27,31,35,39,43,47 (cpu_power = 6144) 0,4,8,12,16,20 (cpu_power = 6144) 24,28,32,36,40,44 (cpu_power = 6144) 1,5,9,13,17,21 (cpu_power = 6144)
[    8.211090] CPU26 attaching sched-domain:
[    8.211093]  domain 0: span 26,30,34,38,42,46 level MC
[    8.211094]   groups: 26 30 34 38 42 46
[    8.211099]   domain 1: span 0-47 level NODE
[    8.211101]    groups: 26,30,34,38,42,46 (cpu_power = 6144) 3,7,11,15,19,23 (cpu_power = 6144) 27,31,35,39,43,47 (cpu_power = 6144) 0,4,8,12,16,20 (cpu_power = 6144) 24,28,32,36,40,44 (cpu_power = 6144) 1,5,9,13,17,21 (cpu_power = 6144) 25,29,33,37,41,45 (cpu_power = 6144) 2,6,10,14,18,22 (cpu_power = 6144)
[    8.211119] CPU27 attaching sched-domain:
[    8.211122]  domain 0: span 27,31,35,39,43,47 level MC
[    8.211124]   groups: 27 31 35 39 43 47
[    8.211128]   domain 1: span 0-47 level NODE
[    8.211130]    groups: 27,31,35,39,43,47 (cpu_power = 6144) 0,4,8,12,16,20 (cpu_power = 6144) 24,28,32,36,40,44 (cpu_power = 6144) 1,5,9,13,17,21 (cpu_power = 6144) 25,29,33,37,41,45 (cpu_power = 6144) 2,6,10,14,18,22 (cpu_power = 6144) 26,30,34,38,42,46 (cpu_power = 6144) 3,7,11,15,19,23 (cpu_power = 6144)
[    8.211148] CPU28 attaching sched-domain:
[    8.211151]  domain 0: span 24,28,32,36,40,44 level MC
[    8.211153]   groups: 28 32 36 40 44 24
[    8.211157]   domain 1: span 0-47 level NODE
[    8.211159]    groups: 24,28,32,36,40,44 (cpu_power = 6144) 1,5,9,13,17,21 (cpu_power = 6144) 25,29,33,37,41,45 (cpu_power = 6144) 2,6,10,14,18,22 (cpu_power = 6144) 26,30,34,38,42,46 (cpu_power = 6144) 3,7,11,15,19,23 (cpu_power = 6144) 27,31,35,39,43,47 (cpu_power = 6144) 0,4,8,12,16,20 (cpu_power = 6144)
[    8.211177] CPU29 attaching sched-domain:
[    8.211179]  domain 0: span 25,29,33,37,41,45 level MC
[    8.211181]   groups: 29 33 37 41 45 25
[    8.211186]   domain 1: span 0-47 level NODE
[    8.211188]    groups: 25,29,33,37,41,45 (cpu_power = 6144) 2,6,10,14,18,22 (cpu_power = 6144) 26,30,34,38,42,46 (cpu_power = 6144) 3,7,11,15,19,23 (cpu_power = 6144) 27,31,35,39,43,47 (cpu_power = 6144) 0,4,8,12,16,20 (cpu_power = 6144) 24,28,32,36,40,44 (cpu_power = 6144) 1,5,9,13,17,21 (cpu_power = 6144)
[    8.211206] CPU30 attaching sched-domain:
[    8.211208]  domain 0: span 26,30,34,38,42,46 level MC
[    8.211210]   groups: 30 34 38 42 46 26
[    8.211215]   domain 1: span 0-47 level NODE
[    8.211217]    groups: 26,30,34,38,42,46 (cpu_power = 6144) 3,7,11,15,19,23 (cpu_power = 6144) 27,31,35,39,43,47 (cpu_power = 6144) 0,4,8,12,16,20 (cpu_power = 6144) 24,28,32,36,40,44 (cpu_power = 6144) 1,5,9,13,17,21 (cpu_power = 6144) 25,29,33,37,41,45 (cpu_power = 6144) 2,6,10,14,18,22 (cpu_power = 6144)
[    8.211235] CPU31 attaching sched-domain:
[    8.211237]  domain 0: span 27,31,35,39,43,47 level MC
[    8.211239]   groups: 31 35 39 43 47 27
[    8.211244]   domain 1: span 0-47 level NODE
[    8.211246]    groups: 27,31,35,39,43,47 (cpu_power = 6144) 0,4,8,12,16,20 (cpu_power = 6144) 24,28,32,36,40,44 (cpu_power = 6144) 1,5,9,13,17,21 (cpu_power = 6144) 25,29,33,37,41,45 (cpu_power = 6144) 2,6,10,14,18,22 (cpu_power = 6144) 26,30,34,38,42,46 (cpu_power = 6144) 3,7,11,15,19,23 (cpu_power = 6144)
[    8.211264] CPU32 attaching sched-domain:
[    8.211266]  domain 0: span 24,28,32,36,40,44 level MC
[    8.211268]   groups: 32 36 40 44 24 28
[    8.211273]   domain 1: span 0-47 level NODE
[    8.211275]    groups: 24,28,32,36,40,44 (cpu_power = 6144) 1,5,9,13,17,21 (cpu_power = 6144) 25,29,33,37,41,45 (cpu_power = 6144) 2,6,10,14,18,22 (cpu_power = 6144) 26,30,34,38,42,46 (cpu_power = 6144) 3,7,11,15,19,23 (cpu_power = 6144) 27,31,35,39,43,47 (cpu_power = 6144) 0,4,8,12,16,20 (cpu_power = 6144)
[    8.211292] CPU33 attaching sched-domain:
[    8.211295]  domain 0: span 25,29,33,37,41,45 level MC
[    8.211297]   groups: 33 37 41 45 25 29
[    8.211301]   domain 1: span 0-47 level NODE
[    8.211303]    groups: 25,29,33,37,41,45 (cpu_power = 6144) 2,6,10,14,18,22 (cpu_power = 6144) 26,30,34,38,42,46 (cpu_power = 6144) 3,7,11,15,19,23 (cpu_power = 6144) 27,31,35,39,43,47 (cpu_power = 6144) 0,4,8,12,16,20 (cpu_power = 6144) 24,28,32,36,40,44 (cpu_power = 6144) 1,5,9,13,17,21 (cpu_power = 6144)
[    8.211321] CPU34 attaching sched-domain:
[    8.211324]  domain 0: span 26,30,34,38,42,46 level MC
[    8.211326]   groups: 34 38 42 46 26 30
[    8.211330]   domain 1: span 0-47 level NODE
[    8.211332]    groups: 26,30,34,38,42,46 (cpu_power = 6144) 3,7,11,15,19,23 (cpu_power = 6144) 27,31,35,39,43,47 (cpu_power = 6144) 0,4,8,12,16,20 (cpu_power = 6144) 24,28,32,36,40,44 (cpu_power = 6144) 1,5,9,13,17,21 (cpu_power = 6144) 25,29,33,37,41,45 (cpu_power = 6144) 2,6,10,14,18,22 (cpu_power = 6144)
[    8.211351] CPU35 attaching sched-domain:
[    8.211353]  domain 0: span 27,31,35,39,43,47 level MC
[    8.211355]   groups: 35 39 43 47 27 31
[    8.211360]   domain 1: span 0-47 level NODE
[    8.211361]    groups: 27,31,35,39,43,47 (cpu_power = 6144) 0,4,8,12,16,20 (cpu_power = 6144) 24,28,32,36,40,44 (cpu_power = 6144) 1,5,9,13,17,21 (cpu_power = 6144) 25,29,33,37,41,45 (cpu_power = 6144) 2,6,10,14,18,22 (cpu_power = 6144) 26,30,34,38,42,46 (cpu_power = 6144) 3,7,11,15,19,23 (cpu_power = 6144)
[    8.211380] CPU36 attaching sched-domain:
[    8.211382]  domain 0: span 24,28,32,36,40,44 level MC
[    8.211384]   groups: 36 40 44 24 28 32
[    8.211388]   domain 1: span 0-47 level NODE
[    8.211390]    groups: 24,28,32,36,40,44 (cpu_power = 6144) 1,5,9,13,17,21 (cpu_power = 6144) 25,29,33,37,41,45 (cpu_power = 6144) 2,6,10,14,18,22 (cpu_power = 6144) 26,30,34,38,42,46 (cpu_power = 6144) 3,7,11,15,19,23 (cpu_power = 6144) 27,31,35,39,43,47 (cpu_power = 6144) 0,4,8,12,16,20 (cpu_power = 6144)
[    8.211408] CPU37 attaching sched-domain:
[    8.211410]  domain 0: span 25,29,33,37,41,45 level MC
[    8.211412]   groups: 37 41 45 25 29 33
[    8.211417]   domain 1: span 0-47 level NODE
[    8.211419]    groups: 25,29,33,37,41,45 (cpu_power = 6144) 2,6,10,14,18,22 (cpu_power = 6144) 26,30,34,38,42,46 (cpu_power = 6144) 3,7,11,15,19,23 (cpu_power = 6144) 27,31,35,39,43,47 (cpu_power = 6144) 0,4,8,12,16,20 (cpu_power = 6144) 24,28,32,36,40,44 (cpu_power = 6144) 1,5,9,13,17,21 (cpu_power = 6144)
[    8.211437] CPU38 attaching sched-domain:
[    8.211439]  domain 0: span 26,30,34,38,42,46 level MC
[    8.211441]   groups: 38 42 46 26 30 34
[    8.211446]   domain 1: span 0-47 level NODE
[    8.211448]    groups: 26,30,34,38,42,46 (cpu_power = 6144) 3,7,11,15,19,23 (cpu_power = 6144) 27,31,35,39,43,47 (cpu_power = 6144) 0,4,8,12,16,20 (cpu_power = 6144) 24,28,32,36,40,44 (cpu_power = 6144) 1,5,9,13,17,21 (cpu_power = 6144) 25,29,33,37,41,45 (cpu_power = 6144) 2,6,10,14,18,22 (cpu_power = 6144)
[    8.211466] CPU39 attaching sched-domain:
[    8.211468]  domain 0: span 27,31,35,39,43,47 level MC
[    8.211470]   groups: 39 43 47 27 31 35
[    8.211475]   domain 1: span 0-47 level NODE
[    8.211477]    groups: 27,31,35,39,43,47 (cpu_power = 6144) 0,4,8,12,16,20 (cpu_power = 6144) 24,28,32,36,40,44 (cpu_power = 6144) 1,5,9,13,17,21 (cpu_power = 6144) 25,29,33,37,41,45 (cpu_power = 6144) 2,6,10,14,18,22 (cpu_power = 6144) 26,30,34,38,42,46 (cpu_power = 6144) 3,7,11,15,19,23 (cpu_power = 6144)
[    8.211495] CPU40 attaching sched-domain:
[    8.211497]  domain 0: span 24,28,32,36,40,44 level MC
[    8.211499]   groups: 40 44 24 28 32 36
[    8.211504]   domain 1: span 0-47 level NODE
[    8.211506]    groups: 24,28,32,36,40,44 (cpu_power = 6144) 1,5,9,13,17,21 (cpu_power = 6144) 25,29,33,37,41,45 (cpu_power = 6144) 2,6,10,14,18,22 (cpu_power = 6144) 26,30,34,38,42,46 (cpu_power = 6144) 3,7,11,15,19,23 (cpu_power = 6144) 27,31,35,39,43,47 (cpu_power = 6144) 0,4,8,12,16,20 (cpu_power = 6144)
[    8.211524] CPU41 attaching sched-domain:
[    8.211526]  domain 0: span 25,29,33,37,41,45 level MC
[    8.211528]   groups: 41 45 25 29 33 37
[    8.211533]   domain 1: span 0-47 level NODE
[    8.211535]    groups: 25,29,33,37,41,45 (cpu_power = 6144) 2,6,10,14,18,22 (cpu_power = 6144) 26,30,34,38,42,46 (cpu_power = 6144) 3,7,11,15,19,23 (cpu_power = 6144) 27,31,35,39,43,47 (cpu_power = 6144) 0,4,8,12,16,20 (cpu_power = 6144) 24,28,32,36,40,44 (cpu_power = 6144) 1,5,9,13,17,21 (cpu_power = 6144)
[    8.211553] CPU42 attaching sched-domain:
[    8.211555]  domain 0: span 26,30,34,38,42,46 level MC
[    8.211557]   groups: 42 46 26 30 34 38
[    8.211562]   domain 1: span 0-47 level NODE
[    8.211564]    groups: 26,30,34,38,42,46 (cpu_power = 6144) 3,7,11,15,19,23 (cpu_power = 6144) 27,31,35,39,43,47 (cpu_power = 6144) 0,4,8,12,16,20 (cpu_power = 6144) 24,28,32,36,40,44 (cpu_power = 6144) 1,5,9,13,17,21 (cpu_power = 6144) 25,29,33,37,41,45 (cpu_power = 6144) 2,6,10,14,18,22 (cpu_power = 6144)
[    8.211582] CPU43 attaching sched-domain:
[    8.211584]  domain 0: span 27,31,35,39,43,47 level MC
[    8.211586]   groups: 43 47 27 31 35 39
[    8.211591]   domain 1: span 0-47 level NODE
[    8.211593]    groups: 27,31,35,39,43,47 (cpu_power = 6144) 0,4,8,12,16,20 (cpu_power = 6144) 24,28,32,36,40,44 (cpu_power = 6144) 1,5,9,13,17,21 (cpu_power = 6144) 25,29,33,37,41,45 (cpu_power = 6144) 2,6,10,14,18,22 (cpu_power = 6144) 26,30,34,38,42,46 (cpu_power = 6144) 3,7,11,15,19,23 (cpu_power = 6144)
[    8.211611] CPU44 attaching sched-domain:
[    8.211613]  domain 0: span 24,28,32,36,40,44 level MC
[    8.211615]   groups: 44 24 28 32 36 40
[    8.211620]   domain 1: span 0-47 level NODE
[    8.211622]    groups: 24,28,32,36,40,44 (cpu_power = 6144) 1,5,9,13,17,21 (cpu_power = 6144) 25,29,33,37,41,45 (cpu_power = 6144) 2,6,10,14,18,22 (cpu_power = 6144) 26,30,34,38,42,46 (cpu_power = 6144) 3,7,11,15,19,23 (cpu_power = 6144) 27,31,35,39,43,47 (cpu_power = 6144) 0,4,8,12,16,20 (cpu_power = 6144)
[    8.211640] CPU45 attaching sched-domain:
[    8.211642]  domain 0: span 25,29,33,37,41,45 level MC
[    8.211644]   groups: 45 25 29 33 37 41
[    8.211648]   domain 1: span 0-47 level NODE
[    8.211650]    groups: 25,29,33,37,41,45 (cpu_power = 6144) 2,6,10,14,18,22 (cpu_power = 6144) 26,30,34,38,42,46 (cpu_power = 6144) 3,7,11,15,19,23 (cpu_power = 6144) 27,31,35,39,43,47 (cpu_power = 6144) 0,4,8,12,16,20 (cpu_power = 6144) 24,28,32,36,40,44 (cpu_power = 6144) 1,5,9,13,17,21 (cpu_power = 6144)
[    8.211669] CPU46 attaching sched-domain:
[    8.211671]  domain 0: span 26,30,34,38,42,46 level MC
[    8.211673]   groups: 46 26 30 34 38 42
[    8.211677]   domain 1: span 0-47 level NODE
[    8.211679]    groups: 26,30,34,38,42,46 (cpu_power = 6144) 3,7,11,15,19,23 (cpu_power = 6144) 27,31,35,39,43,47 (cpu_power = 6144) 0,4,8,12,16,20 (cpu_power = 6144) 24,28,32,36,40,44 (cpu_power = 6144) 1,5,9,13,17,21 (cpu_power = 6144) 25,29,33,37,41,45 (cpu_power = 6144) 2,6,10,14,18,22 (cpu_power = 6144)
[    8.211697] CPU47 attaching sched-domain:
[    8.211700]  domain 0: span 27,31,35,39,43,47 level MC
[    8.211702]   groups: 47 27 31 35 39 43
[    8.211706]   domain 1: span 0-47 level NODE
[    8.211708]    groups: 27,31,35,39,43,47 (cpu_power = 6144) 0,4,8,12,16,20 (cpu_power = 6144) 24,28,32,36,40,44 (cpu_power = 6144) 1,5,9,13,17,21 (cpu_power = 6144) 25,29,33,37,41,45 (cpu_power = 6144) 2,6,10,14,18,22 (cpu_power = 6144) 26,30,34,38,42,46 (cpu_power = 6144) 3,7,11,15,19,23 (cpu_power = 6144)
[    8.220109] devtmpfs: initialized
[    8.220336] regulator: core version 0.5
[    8.220336] Time: 20:28:16  Date: 05/14/10
[    8.220355] NET: Registered protocol family 16
[    8.220582] node 0 link 3: io port [e000, ffff]
[    8.220585] TOM: 0000000080000000 aka 2048M
[    8.220505] Trying to unpack rootfs image as initramfs...
[    8.220772] Fam 10h mmconf [f0000000, f3ffffff]
[    8.220775] node 0 link 3: mmio [e5800000, e5ffffff]
[    8.220777] node 0 link 3: mmio [e6000000, ef2fffff]
[    8.220780] node 0 link 3: mmio [fec80000, fecbffff]
[    8.220783] node 6 link 3: mmio [fecc0000, fecfffff]
[    8.220785] TOM2: 0000001080000000 aka 67584M
[    8.220878] bus: [00,1f] on node 0 link 3
[    8.220880] bus: 00 index 0 io port: [0, ffff]
[    8.220882] bus: 00 index 1 mmio: [80000000, efffffff]
[    8.220884] bus: 00 index 2 mmio: [f4000000, fecbffff]
[    8.220886] bus: 00 index 3 mmio: [fed00000, ffffffff]
[    8.220888] bus: 00 index 4 mmio: [1080000000, fcffffffff]
[    8.220890] bus: [20,3f] on node 6 link 3
[    8.220892] bus: 20 index 0 mmio: [fecc0000, fecfffff]
[    8.221433] ACPI FADT declares the system doesn't support PCIe ASPM, so disable it
[    8.221562] ACPI: bus type pci registered
[    8.221741] PCI: MCFG configuration 0: base f0000000 segment 0 buses 0 - 63
[    8.221843] PCI: MCFG area at f0000000 reserved in E820
[    8.223781] PCI: Using MMCONFIG at f0000000 - f3ffffff
[    8.223877] PCI: Using configuration type 1 for base access
[    8.224257] mtrr: your CPUs had inconsistent fixed MTRR settings
[    8.224355] mtrr: probably your BIOS does not setup all CPUs.
[    8.224451] mtrr: corrected configuration.
[    8.230098] bio: create slab <bio-0> at 0
[    8.230573] ACPI: EC: Look up EC in DSDT
[    8.245901] ACPI: BIOS _OSI(Linux) query ignored
[    8.247397] ACPI: Interpreter enabled
[    8.247489] ACPI: (supports S0 S4 S5)
[    8.247748] ACPI: Using IOAPIC for interrupt routing
[    8.262940] ACPI: No dock devices found.
[    8.265020] ACPI: PCI Root Bridge [PCI0] (0000:00)
[    8.265210] pci 0000:00:02.0: PME# supported from D0 D3hot D3cold
[    8.265309] pci 0000:00:02.0: PME# disabled
[    8.265433] pci 0000:00:03.0: PME# supported from D0 D3hot D3cold
[    8.265531] pci 0000:00:03.0: PME# disabled
[    8.265651] pci 0000:00:04.0: PME# supported from D0 D3hot D3cold
[    8.265749] pci 0000:00:04.0: PME# disabled
[    8.265873] pci 0000:00:09.0: PME# supported from D0 D3hot D3cold
[    8.265971] pci 0000:00:09.0: PME# disabled
[    8.266109] pci 0000:00:11.0: reg 10 io port: [0xece8-0xecef]
[    8.266116] pci 0000:00:11.0: reg 14 io port: [0xecf8-0xecfb]
[    8.266122] pci 0000:00:11.0: reg 18 io port: [0xecf0-0xecf7]
[    8.266128] pci 0000:00:11.0: reg 1c io port: [0xecfc-0xecff]
[    8.266135] pci 0000:00:11.0: reg 20 io port: [0xecd0-0xecdf]
[    8.266141] pci 0000:00:11.0: reg 24 32bit mmio: [0xef2ff800-0xef2ffbff]
[    8.266158] pci 0000:00:11.0: set SATA to AHCI mode
[    8.266292] pci 0000:00:12.0: reg 10 32bit mmio: [0xef2fb000-0xef2fbfff]
[    8.266343] pci 0000:00:12.1: reg 10 32bit mmio: [0xef2fc000-0xef2fcfff]
[    8.266410] pci 0000:00:12.2: reg 10 32bit mmio: [0xef2ffe00-0xef2ffeff]
[    8.266457] pci 0000:00:12.2: supports D1 D2
[    8.266459] pci 0000:00:12.2: PME# supported from D0 D1 D2 D3hot
[    8.266559] pci 0000:00:12.2: PME# disabled
[    8.266679] pci 0000:00:13.0: reg 10 32bit mmio: [0xef2fd000-0xef2fdfff]
[    8.266732] pci 0000:00:13.1: reg 10 32bit mmio: [0xef2fe000-0xef2fefff]
[    8.266798] pci 0000:00:13.2: reg 10 32bit mmio: [0xef2fff00-0xef2fffff]
[    8.266845] pci 0000:00:13.2: supports D1 D2
[    8.266847] pci 0000:00:13.2: PME# supported from D0 D1 D2 D3hot
[    8.266947] pci 0000:00:13.2: PME# disabled
[    8.267948] PCI: peer root bus 00 res updated from pci conf
[    8.267985] pci 0000:01:00.0: reg 10 64bit mmio: [0xe6000000-0xe7ffffff]
[    8.268024] pci 0000:01:00.0: PME# supported from D0 D3hot D3cold
[    8.268124] pci 0000:01:00.0: PME# disabled
[    8.268256] pci 0000:01:00.1: reg 10 64bit mmio: [0xe8000000-0xe9ffffff]
[    8.268295] pci 0000:01:00.1: PME# supported from D0 D3hot D3cold
[    8.268394] pci 0000:01:00.1: PME# disabled
[    8.268535] pci 0000:00:02.0: bridge 32bit mmio: [0xe6000000-0xe9ffffff]
[    8.268573] pci 0000:02:00.0: reg 10 64bit mmio: [0xea000000-0xebffffff]
[    8.268613] pci 0000:02:00.0: PME# supported from D0 D3hot D3cold
[    8.268713] pci 0000:02:00.0: PME# disabled
[    8.268846] pci 0000:02:00.1: reg 10 64bit mmio: [0xec000000-0xedffffff]
[    8.268887] pci 0000:02:00.1: PME# supported from D0 D3hot D3cold
[    8.268986] pci 0000:02:00.1: PME# disabled
[    8.269127] pci 0000:00:03.0: bridge 32bit mmio: [0xea000000-0xedffffff]
[    8.269152] pci 0000:03:00.0: reg 10 32bit mmio: [0xef1e0000-0xef1fffff]
[    8.269179] pci 0000:03:00.0: PME# supported from D0 D3hot D3cold
[    8.269278] pci 0000:03:00.0: PME# disabled
[    8.269419] pci 0000:00:04.0: bridge io port: [0xf000-0xffff]
[    8.269422] pci 0000:00:04.0: bridge 32bit mmio: [0xef000000-0xef1fffff]
[    8.269473] pci 0000:04:00.0: PME# supported from D0 D3hot D3cold
[    8.269572] pci 0000:04:00.0: PME# disabled
[    8.269722] pci 0000:04:01.0: PME# supported from D0 D3hot D3cold
[    8.269821] pci 0000:04:01.0: PME# disabled
[    8.269968] pci 0000:04:04.0: PME# supported from D0 D3hot D3cold
[    8.270004] pci 0000:04:04.0: PME# disabled
[    8.270149] pci 0000:04:05.0: PME# supported from D0 D3hot D3cold
[    8.270248] pci 0000:04:05.0: PME# disabled
[    8.270371] pci 0000:03:00.0: bridge io port: [0xf000-0xffff]
[    8.270374] pci 0000:03:00.0: bridge 32bit mmio: [0xef000000-0xef0fffff]
[    8.270403] pci 0000:05:00.0: reg 10 io port: [0xfc00-0xfcff]
[    8.270412] pci 0000:05:00.0: reg 14 64bit mmio: [0xef0fc000-0xef0fffff]
[    8.270421] pci 0000:05:00.0: reg 1c 64bit mmio: [0xef040000-0xef07ffff]
[    8.270430] pci 0000:05:00.0: reg 30 32bit mmio pref: [0xef080000-0xef0bffff]
[    8.270453] pci 0000:05:00.0: supports D1 D2
[    8.270489] pci 0000:04:00.0: bridge io port: [0xf000-0xffff]
[    8.270492] pci 0000:04:00.0: bridge 32bit mmio: [0xef000000-0xef0fffff]
[    8.270697] pci 0000:0a:03.0: reg 10 32bit mmio pref: [0xe5800000-0xe5ffffff]
[    8.270705] pci 0000:0a:03.0: reg 14 32bit mmio: [0xeeffc000-0xeeffffff]
[    8.270713] pci 0000:0a:03.0: reg 18 32bit mmio: [0xee000000-0xee7fffff]
[    8.270738] pci 0000:0a:03.0: reg 30 32bit mmio pref: [0x000000-0x00ffff]
[    8.270807] pci 0000:00:14.4: transparent bridge
[    8.270904] pci 0000:00:14.4: bridge 32bit mmio: [0xee000000-0xeeffffff]
[    8.270909] pci 0000:00:14.4: bridge 32bit mmio pref: [0xe5800000-0xe5ffffff]
[    8.270925] ACPI: PCI Interrupt Routing Table [\_SB_.PCI0._PRT]
[    8.271055] ACPI: PCI Interrupt Routing Table [\_SB_.PCI0.PEX2._PRT]
[    8.271114] ACPI: PCI Interrupt Routing Table [\_SB_.PCI0.PEX3._PRT]
[    8.271171] ACPI: PCI Interrupt Routing Table [\_SB_.PCI0.PEX4._PRT]
[    8.271227] ACPI: PCI Interrupt Routing Table [\_SB_.PCI0.PEX9._PRT]
[    8.271286] ACPI: PCI Interrupt Routing Table [\_SB_.PCI0.COMP._PRT]
[    8.337491] ACPI: PCI Root Bridge [PCI1] (0000:20)
[    8.337678] pci 0000:20:02.0: PME# supported from D0 D3hot D3cold
[    8.337777] pci 0000:20:02.0: PME# disabled
[    8.337902] pci 0000:20:03.0: PME# supported from D0 D3hot D3cold
[    8.338000] pci 0000:20:03.0: PME# disabled
[    8.338128] pci 0000:20:0b.0: PME# supported from D0 D3hot D3cold
[    8.338226] pci 0000:20:0b.0: PME# disabled
[    8.338335] PCI: peer root bus 20 res updated from pci conf
[    8.338417] ACPI: PCI Interrupt Routing Table [\_SB_.PCI1._PRT]
[    8.338516] ACPI: PCI Interrupt Routing Table [\_SB_.PCI1.PEX2._PRT]
[    8.338573] ACPI: PCI Interrupt Routing Table [\_SB_.PCI1.PEX3._PRT]
[    8.338629] ACPI: PCI Interrupt Routing Table [\_SB_.PCI1.PEXB._PRT]
[    8.343552] ACPI: PCI Interrupt Link [LN24] (IRQs *24)
[    8.343924] ACPI: PCI Interrupt Link [LN25] (IRQs *25)
[    8.344297] ACPI: PCI Interrupt Link [LN26] (IRQs *26)
[    8.344668] ACPI: PCI Interrupt Link [LN27] (IRQs *27)
[    8.345040] ACPI: PCI Interrupt Link [LN28] (IRQs *28)
[    8.345413] ACPI: PCI Interrupt Link [LN29] (IRQs *29)
[    8.345785] ACPI: PCI Interrupt Link [LN30] (IRQs *30)
[    8.346156] ACPI: PCI Interrupt Link [LN31] (IRQs *31)
[    8.346529] ACPI: PCI Interrupt Link [LN32] (IRQs *32)
[    8.346901] ACPI: PCI Interrupt Link [LN33] (IRQs *33)
[    8.347273] ACPI: PCI Interrupt Link [LN34] (IRQs *34)
[    8.347646] ACPI: PCI Interrupt Link [LN35] (IRQs *35)
[    8.349556] ACPI: PCI Interrupt Link [LN36] (IRQs *36)
[    8.349927] ACPI: PCI Interrupt Link [LN37] (IRQs *37)
[    8.350305] ACPI: PCI Interrupt Link [LN38] (IRQs *38)
[    8.350677] ACPI: PCI Interrupt Link [LN39] (IRQs *39)
[    8.351050] ACPI: PCI Interrupt Link [LN40] (IRQs *40)
[    8.351421] ACPI: PCI Interrupt Link [LN41] (IRQs *41)
[    8.351795] ACPI: PCI Interrupt Link [LN42] (IRQs *42)
[    8.352166] ACPI: PCI Interrupt Link [LN43] (IRQs *43)
[    8.352542] ACPI: PCI Interrupt Link [LN44] (IRQs *44)
[    8.352914] ACPI: PCI Interrupt Link [LN45] (IRQs *45)
[    8.353285] ACPI: PCI Interrupt Link [LN46] (IRQs *46)
[    8.353656] ACPI: PCI Interrupt Link [LN47] (IRQs *47)
[    8.354028] ACPI: PCI Interrupt Link [LN48] (IRQs *48)
[    8.354400] ACPI: PCI Interrupt Link [LN49] (IRQs *49)
[    8.354773] ACPI: PCI Interrupt Link [LN50] (IRQs *50)
[    8.355145] ACPI: PCI Interrupt Link [LN51] (IRQs *51)
[    8.355517] ACPI: PCI Interrupt Link [LN52] (IRQs *52)
[    8.355888] ACPI: PCI Interrupt Link [LN53] (IRQs *53)
[    8.356259] ACPI: PCI Interrupt Link [LN54] (IRQs *54)
[    8.356631] ACPI: PCI Interrupt Link [LN55] (IRQs *55)
[    8.357004] ACPI: PCI Interrupt Link [LN56] (IRQs *56)
[    8.357376] ACPI: PCI Interrupt Link [LN57] (IRQs *57)
[    8.357748] ACPI: PCI Interrupt Link [LN58] (IRQs *58)
[    8.358120] ACPI: PCI Interrupt Link [LN59] (IRQs *59)
[    8.358493] ACPI: PCI Interrupt Link [LN60] (IRQs *60)
[    8.358865] ACPI: PCI Interrupt Link [LN61] (IRQs *61)
[    8.359237] ACPI: PCI Interrupt Link [LN62] (IRQs *62)
[    8.359609] ACPI: PCI Interrupt Link [LN63] (IRQs *63)
[    8.359981] ACPI: PCI Interrupt Link [LN64] (IRQs *64)
[    8.360309] ACPI: PCI Interrupt Link [LN65] (IRQs *65)
[    8.360682] ACPI: PCI Interrupt Link [LN66] (IRQs *66)
[    8.361059] ACPI: PCI Interrupt Link [LN67] (IRQs *67)
[    8.361437] ACPI: PCI Interrupt Link [LN68] (IRQs *68)
[    8.361809] ACPI: PCI Interrupt Link [LN69] (IRQs *69)
[    8.362181] ACPI: PCI Interrupt Link [LN70] (IRQs *70)
[    8.362553] ACPI: PCI Interrupt Link [LN71] (IRQs *71)
[    8.362925] ACPI: PCI Interrupt Link [LN72] (IRQs *72)
[    8.363298] ACPI: PCI Interrupt Link [LN73] (IRQs *73)
[    8.363670] ACPI: PCI Interrupt Link [LN74] (IRQs *74)
[    8.364042] ACPI: PCI Interrupt Link [LN75] (IRQs *75)
[    8.364415] ACPI: PCI Interrupt Link [LN76] (IRQs *76)
[    8.364787] ACPI: PCI Interrupt Link [LN77] (IRQs *77)
[    8.365160] ACPI: PCI Interrupt Link [LN78] (IRQs *78)
[    8.365531] ACPI: PCI Interrupt Link [LN79] (IRQs *79)
[    8.365903] ACPI: PCI Interrupt Link [LN80] (IRQs *80)
[    8.366274] ACPI: PCI Interrupt Link [LN81] (IRQs *81)
[    8.366645] ACPI: PCI Interrupt Link [LN82] (IRQs *82)
[    8.367017] ACPI: PCI Interrupt Link [LN83] (IRQs *83)
[    8.367389] ACPI: PCI Interrupt Link [LN84] (IRQs *84)
[    8.367760] ACPI: PCI Interrupt Link [LN85] (IRQs *85)
[    8.368133] ACPI: PCI Interrupt Link [LN86] (IRQs *86)
[    8.368504] ACPI: PCI Interrupt Link [LN87] (IRQs *87)
[    8.368868] ACPI: PCI Interrupt Link [LK00] (IRQs 3 4 5 6 7 10 11 *14 15)
[    8.369690] ACPI: PCI Interrupt Link [LK01] (IRQs 3 4 5 6 7 10 *11 14 15)
[    8.370545] ACPI: PCI Interrupt Link [LK02] (IRQs 3 4 5 6 7 *10 11 14 15)
[    8.371362] ACPI: PCI Interrupt Link [LK03] (IRQs 3 4 5 *6 7 10 11 14 15)
[    8.372178] ACPI: PCI Interrupt Link [LK04] (IRQs 3 4 *5 6 7 10 11 14 15)
[    8.372995] ACPI: PCI Interrupt Link [LK05] (IRQs 3 4 5 6 7 10 11 14 *15)
[    8.373812] ACPI: PCI Interrupt Link [LK06] (IRQs 3 4 5 6 7 10 11 14 *15)
[    8.374630] ACPI: PCI Interrupt Link [LK07] (IRQs 3 4 5 6 7 10 11 14 15) *0
[    8.375499] vgaarb: device added: PCI:0000:0a:03.0,decodes=io+mem,owns=io+mem,locks=none
[    8.375631] vgaarb: loaded
[    8.375825] SCSI subsystem initialized
[    8.375958] libata version 3.00 loaded.
[    8.375958] usbcore: registered new interface driver usbfs
[    8.375958] usbcore: registered new interface driver hub
[    8.375958] usbcore: registered new device driver usb
[    8.380066] ACPI: WMI: Mapper loaded
[    8.380157] PCI: Using ACPI for IRQ routing
[    8.380385] Expanded resource reserved due to conflict with PCI Bus #00
[    8.380574] NetLabel: Initializing
[    8.380663] NetLabel:  domain hash size = 128
[    8.380755] NetLabel:  protocols = UNLABELED CIPSOv4
[    8.380859] NetLabel:  unlabeled traffic allowed by default
[    8.381501] hpet0: at MMIO 0xfed00000, IRQs 2, 8, 88, 0
[    8.381856] hpet0: 4 comparators, 32-bit 14.318180 MHz counter
[    8.383966] Switching to clocksource tsc
[    8.388858] AppArmor: AppArmor Filesystem Enabled
[    8.388858] pnp: PnP ACPI init
[    8.388858] ACPI: bus type pnp registered
[    8.399446] Freeing initrd memory: 7871k freed
[    8.402240] pnp: PnP ACPI: found 12 devices
[    8.402338] ACPI: ACPI bus type pnp unregistered
[    8.402455] system 00:07: ioport range 0x800-0x87f has been reserved
[    8.402559] system 00:07: ioport range 0x900-0x93f has been reserved
[    8.402665] system 00:07: ioport range 0xd00-0xdfe has been reserved
[    8.402768] system 00:07: ioport range 0xdff-0xdff has been reserved
[    8.402870] system 00:07: ioport range 0xe00-0xefe has been reserved
[    8.402973] system 00:07: ioport range 0xeff-0xeff has been reserved
[    8.403076] system 00:07: ioport range 0x40b-0x40b has been reserved
[    8.403178] system 00:07: ioport range 0x4d6-0x4d6 has been reserved
[    8.403281] system 00:07: ioport range 0x4d0-0x4d1 has been reserved
[    8.403384] system 00:07: ioport range 0xc00-0xc01 has been reserved
[    8.403486] system 00:07: ioport range 0xc14-0xc14 has been reserved
[    8.403589] system 00:07: ioport range 0xc50-0xc52 has been reserved
[    8.403692] system 00:07: ioport range 0xc6f-0xc6f has been reserved
[    8.403795] system 00:07: ioport range 0xcd0-0xcd1 has been reserved
[    8.403898] system 00:07: ioport range 0xcd4-0xcd5 has been reserved
[    8.404000] system 00:07: ioport range 0xcd6-0xcd7 has been reserved
[    8.404103] system 00:07: ioport range 0xca0-0xca7 has been reserved
[    8.404206] system 00:07: ioport range 0xca9-0xcab has been reserved
[    8.404309] system 00:07: ioport range 0xcad-0xcaf has been reserved
[    8.404411] system 00:07: ioport range 0x950-0x950 has been reserved
[    8.404516] system 00:08: ioport range 0xca8-0xca8 has been reserved
[    8.404619] system 00:08: ioport range 0xcac-0xcac has been reserved
[    8.409559] pci 0000:00:02.0: PCI bridge, secondary bus 0000:01
[    8.409660] pci 0000:00:02.0:   IO window: disabled
[    8.409759] pci 0000:00:02.0:   MEM window: 0xe6000000-0xe9ffffff
[    8.409862] pci 0000:00:02.0:   PREFETCH window: disabled
[    8.409962] pci 0000:00:03.0: PCI bridge, secondary bus 0000:02
[    8.410063] pci 0000:00:03.0:   IO window: disabled
[    8.410161] pci 0000:00:03.0:   MEM window: 0xea000000-0xedffffff
[    8.410263] pci 0000:00:03.0:   PREFETCH window: disabled
[    8.410368] pci 0000:04:01.0: BAR 14: can't allocate mem resource [0xef100000-0xef0fffff]
[    8.410503] pci 0000:04:05.0: BAR 14: can't allocate mem resource [0xef100000-0xef0fffff]
[    8.410638] pci 0000:04:01.0: BAR 13: can't allocate I/O resource [0x10000-0xffff]
[    8.410770] pci 0000:04:05.0: BAR 13: can't allocate I/O resource [0x10000-0xffff]
[    8.410903] pci 0000:04:00.0: PCI bridge, secondary bus 0000:05
[    8.411004] pci 0000:04:00.0:   IO window: 0xf000-0xffff
[    8.411105] pci 0000:04:00.0:   MEM window: 0xef000000-0xef0fffff
[    8.411208] pci 0000:04:00.0:   PREFETCH window: disabled
[    8.411310] pci 0000:04:01.0: PCI bridge, secondary bus 0000:06
[    8.411411] pci 0000:04:01.0:   IO window: disabled
[    8.411510] pci 0000:04:01.0:   MEM window: disabled
[    8.411610] pci 0000:04:01.0:   PREFETCH window: 0x00000080000000-0x000000801fffff
[    8.411746] pci 0000:04:04.0: PCI bridge, secondary bus 0000:07
[    8.411847] pci 0000:04:04.0:   IO window: disabled
[    8.411946] pci 0000:04:04.0:   MEM window: disabled
[    8.412045] pci 0000:04:04.0:   PREFETCH window: disabled
[    8.412160] pci 0000:04:05.0: PCI bridge, secondary bus 0000:08
[    8.412261] pci 0000:04:05.0:   IO window: disabled
[    8.412360] pci 0000:04:05.0:   MEM window: disabled
[    8.412460] pci 0000:04:05.0:   PREFETCH window: 0x00000080200000-0x000000803fffff
[    8.412596] pci 0000:03:00.0: PCI bridge, secondary bus 0000:04
[    8.412698] pci 0000:03:00.0:   IO window: 0xf000-0xffff
[    8.412799] pci 0000:03:00.0:   MEM window: 0xef000000-0xef0fffff
[    8.412902] pci 0000:03:00.0:   PREFETCH window: 0x00000080000000-0x000000803fffff
[    8.413037] pci 0000:00:04.0: PCI bridge, secondary bus 0000:03
[    8.413139] pci 0000:00:04.0:   IO window: 0xf000-0xffff
[    8.413239] pci 0000:00:04.0:   MEM window: 0xef000000-0xef1fffff
[    8.413342] pci 0000:00:04.0:   PREFETCH window: 0x00000080000000-0x000000803fffff
[    8.413476] pci 0000:00:09.0: PCI bridge, secondary bus 0000:09
[    8.413577] pci 0000:00:09.0:   IO window: disabled
[    8.413675] pci 0000:00:09.0:   MEM window: disabled
[    8.413774] pci 0000:00:09.0:   PREFETCH window: disabled
[    8.413877] pci 0000:00:14.4: PCI bridge, secondary bus 0000:0a
[    8.413977] pci 0000:00:14.4:   IO window: disabled
[    8.414078] pci 0000:00:14.4:   MEM window: 0xee000000-0xeeffffff
[    8.414182] pci 0000:00:14.4:   PREFETCH window: 0xe5800000-0xe5ffffff
[    8.414421] ACPI: PCI Interrupt Link [LN52] enabled at IRQ 52
[    8.414525]   alloc irq_desc for 52 on node 0
[    8.414528]   alloc kstat_irqs on node 0
[    8.414543] pci 0000:00:02.0: PCI INT A -> Link[LN52] -> GSI 52 (level, high) -> IRQ 52
[    8.414680] pci 0000:00:02.0: setting latency timer to 64
[    8.414687] pci 0000:00:03.0: PCI INT A -> Link[LN52] -> GSI 52 (level, high) -> IRQ 52
[    8.414821] pci 0000:00:03.0: setting latency timer to 64
[    8.414828] pci 0000:00:04.0: PCI INT A -> Link[LN52] -> GSI 52 (level, high) -> IRQ 52
[    8.414962] pci 0000:00:04.0: setting latency timer to 64
[    8.415077] ACPI: PCI Interrupt Link [LN44] enabled at IRQ 44
[    8.415178]   alloc irq_desc for 44 on node 0
[    8.415180]   alloc kstat_irqs on node 0
[    8.415184] pci 0000:03:00.0: PCI INT A -> Link[LN44] -> GSI 44 (level, high) -> IRQ 44
[    8.415319] pci 0000:03:00.0: setting latency timer to 64
[    8.415329] pci 0000:04:00.0: PCI INT A -> Link[LN44] -> GSI 44 (level, high) -> IRQ 44
[    8.415464] pci 0000:04:00.0: setting latency timer to 64
[    8.415575] ACPI: PCI Interrupt Link [LN45] enabled at IRQ 45
[    8.415676]   alloc irq_desc for 45 on node 0
[    8.415678]   alloc kstat_irqs on node 0
[    8.415681] pci 0000:04:01.0: PCI INT A -> Link[LN45] -> GSI 45 (level, high) -> IRQ 45
[    8.415817] pci 0000:04:01.0: setting latency timer to 64
[    8.415825] pci 0000:04:04.0: PCI INT A -> Link[LN44] -> GSI 44 (level, high) -> IRQ 44
[    8.415960] pci 0000:04:04.0: setting latency timer to 64
[    8.415968] pci 0000:04:05.0: PCI INT A -> Link[LN45] -> GSI 45 (level, high) -> IRQ 45
[    8.416103] pci 0000:04:05.0: setting latency timer to 64
[    8.416213] ACPI: PCI Interrupt Link [LN53] enabled at IRQ 53
[    8.416314]   alloc irq_desc for 53 on node 0
[    8.416316]   alloc kstat_irqs on node 0
[    8.416319] pci 0000:00:09.0: PCI INT A -> Link[LN53] -> GSI 53 (level, high) -> IRQ 53
[    8.416454] pci 0000:00:09.0: setting latency timer to 64
[    8.416462] pci 0000:20:02.0: PCI bridge, secondary bus 0000:21
[    8.418235] pci 0000:20:02.0:   IO window: disabled
[    8.418333] pci 0000:20:02.0:   MEM window: disabled
[    8.418432] pci 0000:20:02.0:   PREFETCH window: disabled
[    8.418533] pci 0000:20:03.0: PCI bridge, secondary bus 0000:22
[    8.418633] pci 0000:20:03.0:   IO window: disabled
[    8.418732] pci 0000:20:03.0:   MEM window: disabled
[    8.418830] pci 0000:20:03.0:   PREFETCH window: disabled
[    8.418931] pci 0000:20:0b.0: PCI bridge, secondary bus 0000:23
[    8.419032] pci 0000:20:0b.0:   IO window: disabled
[    8.419130] pci 0000:20:0b.0:   MEM window: disabled
[    8.419229] pci 0000:20:0b.0:   PREFETCH window: disabled
[    8.419437] ACPI: PCI Interrupt Link [LN84] enabled at IRQ 84
[    8.419539]   alloc irq_desc for 84 on node 6
[    8.419544]   alloc kstat_irqs on node 6
[    8.419552] pci 0000:20:02.0: PCI INT A -> Link[LN84] -> GSI 84 (level, high) -> IRQ 84
[    8.419686] pci 0000:20:02.0: setting latency timer to 64
[    8.419693] pci 0000:20:03.0: PCI INT A -> Link[LN84] -> GSI 84 (level, high) -> IRQ 84
[    8.419827] pci 0000:20:03.0: setting latency timer to 64
[    8.419937] ACPI: PCI Interrupt Link [LN86] enabled at IRQ 86
[    8.420038]   alloc irq_desc for 86 on node 6
[    8.420040]   alloc kstat_irqs on node 6
[    8.420043] pci 0000:20:0b.0: PCI INT A -> Link[LN86] -> GSI 86 (level, high) -> IRQ 86
[    8.420178] pci 0000:20:0b.0: setting latency timer to 64
[    8.420182] pci_bus 0000:00: resource 0 io:  [0x00-0xffff]
[    8.420185] pci_bus 0000:00: resource 1 mem: [0x80000000-0xefffffff]
[    8.420187] pci_bus 0000:00: resource 2 mem: [0xf4000000-0xfecbffff]
[    8.420189] pci_bus 0000:00: resource 3 mem: [0xfed00000-0xffffffff]
[    8.420192] pci_bus 0000:00: resource 4 mem: [0x1080000000-0xfcffffffff]
[    8.420195] pci_bus 0000:01: resource 1 mem: [0xe6000000-0xe9ffffff]
[    8.420198] pci_bus 0000:02: resource 1 mem: [0xea000000-0xedffffff]
[    8.420200] pci_bus 0000:03: resource 0 io:  [0xf000-0xffff]
[    8.420203] pci_bus 0000:03: resource 1 mem: [0xef000000-0xef1fffff]
[    8.420205] pci_bus 0000:03: resource 2 pref mem [0x80000000-0x803fffff]
[    8.420208] pci_bus 0000:04: resource 0 io:  [0xf000-0xffff]
[    8.420210] pci_bus 0000:04: resource 1 mem: [0xef000000-0xef0fffff]
[    8.420213] pci_bus 0000:04: resource 2 pref mem [0x80000000-0x803fffff]
[    8.420215] pci_bus 0000:05: resource 0 io:  [0xf000-0xffff]
[    8.420218] pci_bus 0000:05: resource 1 mem: [0xef000000-0xef0fffff]
[    8.420221] pci_bus 0000:06: resource 2 pref mem [0x80000000-0x801fffff]
[    8.420223] pci_bus 0000:08: resource 2 pref mem [0x80200000-0x803fffff]
[    8.420226] pci_bus 0000:0a: resource 1 mem: [0xee000000-0xeeffffff]
[    8.420229] pci_bus 0000:0a: resource 2 pref mem [0xe5800000-0xe5ffffff]
[    8.420231] pci_bus 0000:0a: resource 3 io:  [0x00-0xffff]
[    8.420234] pci_bus 0000:0a: resource 4 mem: [0x80000000-0xefffffff]
[    8.420236] pci_bus 0000:0a: resource 5 mem: [0xf4000000-0xfecbffff]
[    8.420238] pci_bus 0000:0a: resource 6 mem: [0xfed00000-0xffffffff]
